Archive member included to satisfy reference by file (symbol)

/usr/lib/gcc/arm-none-eabi/7.1.0/../../../../arm-none-eabi/lib/thumb/v7e-m/fpv5-sp/hard/libc_nano.a(lib_a-atexit.o)
                              /usr/lib/gcc/arm-none-eabi/7.1.0/../../../../arm-none-eabi/lib/thumb/v7e-m/fpv5-sp/hard/crt0.o (atexit)
/usr/lib/gcc/arm-none-eabi/7.1.0/../../../../arm-none-eabi/lib/thumb/v7e-m/fpv5-sp/hard/libc_nano.a(lib_a-exit.o)
                              /usr/lib/gcc/arm-none-eabi/7.1.0/../../../../arm-none-eabi/lib/thumb/v7e-m/fpv5-sp/hard/crt0.o (exit)
/usr/lib/gcc/arm-none-eabi/7.1.0/../../../../arm-none-eabi/lib/thumb/v7e-m/fpv5-sp/hard/libc_nano.a(lib_a-fini.o)
                              /usr/lib/gcc/arm-none-eabi/7.1.0/../../../../arm-none-eabi/lib/thumb/v7e-m/fpv5-sp/hard/crt0.o (__libc_fini_array)
/usr/lib/gcc/arm-none-eabi/7.1.0/../../../../arm-none-eabi/lib/thumb/v7e-m/fpv5-sp/hard/libc_nano.a(lib_a-impure.o)
                              /usr/lib/gcc/arm-none-eabi/7.1.0/../../../../arm-none-eabi/lib/thumb/v7e-m/fpv5-sp/hard/libc_nano.a(lib_a-exit.o) (_global_impure_ptr)
/usr/lib/gcc/arm-none-eabi/7.1.0/../../../../arm-none-eabi/lib/thumb/v7e-m/fpv5-sp/hard/libc_nano.a(lib_a-init.o)
                              /usr/lib/gcc/arm-none-eabi/7.1.0/../../../../arm-none-eabi/lib/thumb/v7e-m/fpv5-sp/hard/crt0.o (__libc_init_array)
/usr/lib/gcc/arm-none-eabi/7.1.0/../../../../arm-none-eabi/lib/thumb/v7e-m/fpv5-sp/hard/libc_nano.a(lib_a-malloc.o)
                              build/main.o (malloc)
/usr/lib/gcc/arm-none-eabi/7.1.0/../../../../arm-none-eabi/lib/thumb/v7e-m/fpv5-sp/hard/libc_nano.a(lib_a-memcmp.o)
                              build/ethernet.o (memcmp)
/usr/lib/gcc/arm-none-eabi/7.1.0/../../../../arm-none-eabi/lib/thumb/v7e-m/fpv5-sp/hard/libc_nano.a(lib_a-memcpy-stub.o)
                              build/ethernetif.o (memcpy)
/usr/lib/gcc/arm-none-eabi/7.1.0/../../../../arm-none-eabi/lib/thumb/v7e-m/fpv5-sp/hard/libc_nano.a(lib_a-memset.o)
                              /usr/lib/gcc/arm-none-eabi/7.1.0/../../../../arm-none-eabi/lib/thumb/v7e-m/fpv5-sp/hard/crt0.o (memset)
/usr/lib/gcc/arm-none-eabi/7.1.0/../../../../arm-none-eabi/lib/thumb/v7e-m/fpv5-sp/hard/libc_nano.a(lib_a-nano-freer.o)
                              /usr/lib/gcc/arm-none-eabi/7.1.0/../../../../arm-none-eabi/lib/thumb/v7e-m/fpv5-sp/hard/libc_nano.a(lib_a-malloc.o) (_free_r)
/usr/lib/gcc/arm-none-eabi/7.1.0/../../../../arm-none-eabi/lib/thumb/v7e-m/fpv5-sp/hard/libc_nano.a(lib_a-nano-mallocr.o)
                              /usr/lib/gcc/arm-none-eabi/7.1.0/../../../../arm-none-eabi/lib/thumb/v7e-m/fpv5-sp/hard/libc_nano.a(lib_a-malloc.o) (_malloc_r)
/usr/lib/gcc/arm-none-eabi/7.1.0/../../../../arm-none-eabi/lib/thumb/v7e-m/fpv5-sp/hard/libc_nano.a(lib_a-printf.o)
                              build/main.o (printf)
/usr/lib/gcc/arm-none-eabi/7.1.0/../../../../arm-none-eabi/lib/thumb/v7e-m/fpv5-sp/hard/libc_nano.a(lib_a-puts.o)
                              build/memory_access.o (puts)
/usr/lib/gcc/arm-none-eabi/7.1.0/../../../../arm-none-eabi/lib/thumb/v7e-m/fpv5-sp/hard/libc_nano.a(lib_a-rand.o)
                              build/dhcp.o (rand)
/usr/lib/gcc/arm-none-eabi/7.1.0/../../../../arm-none-eabi/lib/thumb/v7e-m/fpv5-sp/hard/libc_nano.a(lib_a-sbrkr.o)
                              /usr/lib/gcc/arm-none-eabi/7.1.0/../../../../arm-none-eabi/lib/thumb/v7e-m/fpv5-sp/hard/libc_nano.a(lib_a-nano-mallocr.o) (_sbrk_r)
/usr/lib/gcc/arm-none-eabi/7.1.0/../../../../arm-none-eabi/lib/thumb/v7e-m/fpv5-sp/hard/libc_nano.a(lib_a-sprintf.o)
                              build/memory_access.o (sprintf)
/usr/lib/gcc/arm-none-eabi/7.1.0/../../../../arm-none-eabi/lib/thumb/v7e-m/fpv5-sp/hard/libc_nano.a(lib_a-strcat.o)
                              build/memory_access.o (strcat)
/usr/lib/gcc/arm-none-eabi/7.1.0/../../../../arm-none-eabi/lib/thumb/v7e-m/fpv5-sp/hard/libc_nano.a(lib_a-strcmp.o)
                              build/memory_access.o (strcmp)
/usr/lib/gcc/arm-none-eabi/7.1.0/../../../../arm-none-eabi/lib/thumb/v7e-m/fpv5-sp/hard/libc_nano.a(lib_a-strcpy.o)
                              build/memory_access.o (strcpy)
/usr/lib/gcc/arm-none-eabi/7.1.0/../../../../arm-none-eabi/lib/thumb/v7e-m/fpv5-sp/hard/libc_nano.a(lib_a-strlen.o)
                              build/memory_access.o (strlen)
/usr/lib/gcc/arm-none-eabi/7.1.0/../../../../arm-none-eabi/lib/thumb/v7e-m/fpv5-sp/hard/libc_nano.a(lib_a-strncmp.o)
                              build/def.o (strncmp)
/usr/lib/gcc/arm-none-eabi/7.1.0/../../../../arm-none-eabi/lib/thumb/v7e-m/fpv5-sp/hard/libc_nano.a(lib_a-wbuf.o)
                              /usr/lib/gcc/arm-none-eabi/7.1.0/../../../../arm-none-eabi/lib/thumb/v7e-m/fpv5-sp/hard/libc_nano.a(lib_a-puts.o) (__swbuf_r)
/usr/lib/gcc/arm-none-eabi/7.1.0/../../../../arm-none-eabi/lib/thumb/v7e-m/fpv5-sp/hard/libc_nano.a(lib_a-wsetup.o)
[...]
Memory Configuration

Name             Origin             Length             Attributes
RAM              0x0000000020000000 0x0000000000050000 xrw
FLASH            0x0000000008000000 0x0000000000100000 xr
*default*        0x0000000000000000 0xffffffffffffffff

Linker script and memory map

LOAD /usr/lib/gcc/arm-none-eabi/7.1.0/thumb/v7e-m/fpv5-sp/hard/crti.o
LOAD /usr/lib/gcc/arm-none-eabi/7.1.0/thumb/v7e-m/fpv5-sp/hard/crtbegin.o
LOAD /usr/lib/gcc/arm-none-eabi/7.1.0/../../../../arm-none-eabi/lib/thumb/v7e-m/fpv5-sp/hard/crt0.o
LOAD build/memory_access.o
LOAD build/main.o
LOAD build/term_io.o
LOAD build/dbgu.o
LOAD build/usbh_diskio.o
LOAD build/fatfs.o
LOAD build/freertos.o
LOAD build/lwip.o
LOAD build/ethernetif.o
LOAD build/syscalls.o
LOAD build/usb_host.o
LOAD build/usbh_conf.o
LOAD build/stm32f7xx_it.o
LOAD build/stm32f7xx_hal_msp.o
LOAD build/stm32f7xx_hal_timebase_TIM.o
LOAD build/stm32f7xx_hal_eth.o
LOAD build/stm32f7xx_hal_hcd.o
LOAD build/stm32f7xx_ll_usb.o
LOAD build/stm32f7xx_hal_cortex.o
LOAD build/stm32f7xx_hal_i2c.o
LOAD build/stm32f7xx_hal_i2c_ex.o
LOAD build/stm32f7xx_hal_tim.o
LOAD build/stm32f7xx_hal_tim_ex.o
LOAD build/stm32f7xx_hal_uart.o
LOAD build/stm32f7xx_hal_rcc.o
LOAD build/stm32f7xx_hal_rcc_ex.o
LOAD build/stm32f7xx_hal_flash.o
LOAD build/stm32f7xx_hal_flash_ex.o
LOAD build/stm32f7xx_hal_gpio.o
LOAD build/stm32f7xx_hal_dma.o
LOAD build/stm32f7xx_hal_dma_ex.o
LOAD build/stm32f7xx_hal_pwr.o
LOAD build/stm32f7xx_hal_pwr_ex.o
LOAD build/stm32f7xx_hal.o
LOAD build/system_stm32f7xx.o
LOAD build/syscall.o
LOAD build/diskio.o
LOAD build/ff.o
LOAD build/ff_gen_drv.o
LOAD build/heap_4.o
LOAD build/port.o
LOAD build/croutine.o
LOAD build/event_groups.o
LOAD build/list.o
LOAD build/queue.o
LOAD build/tasks.o
LOAD build/timers.o
LOAD build/cmsis_os.o
LOAD build/auth.o
LOAD build/ccp.o
LOAD build/chap_ms.o
LOAD build/chap-md5.o
LOAD build/chap-new.o
LOAD build/demand.o
LOAD build/eap.o
LOAD build/eui64.o
LOAD build/fsm.o
LOAD build/ipcp.o
LOAD build/ipv6cp.o
LOAD build/lcp.o
LOAD build/magic.o
LOAD build/mppe.o
LOAD build/multilink.o
LOAD build/ppp.o
LOAD build/pppapi.o
LOAD build/pppcrypt.o
LOAD build/pppoe.o
LOAD build/pppol2tp.o
LOAD build/pppos.o
LOAD build/upap.o
LOAD build/utils.o
LOAD build/vj.o
LOAD build/ethernet.o
LOAD build/slipif.o
LOAD build/lowpan6.o
LOAD build/ecp.o
LOAD build/api_lib.o
LOAD build/api_msg.o
LOAD build/err.o
LOAD build/netbuf.o
LOAD build/netdb.o
LOAD build/netifapi.o
LOAD build/sockets.o
LOAD build/tcpip.o
LOAD build/def.o
LOAD build/dns.o
LOAD build/inet_chksum.o
LOAD build/init.o
LOAD build/ip.o
LOAD build/mem.o
LOAD build/memp.o
LOAD build/netif.o
LOAD build/pbuf.o
LOAD build/raw.o
LOAD build/stats.o
LOAD build/sys.o
LOAD build/tcp.o
LOAD build/tcp_in.o
LOAD build/tcp_out.o
LOAD build/timeouts.o
LOAD build/udp.o
LOAD build/autoip.o
LOAD build/dhcp.o
LOAD build/etharp.o
LOAD build/icmp.o
LOAD build/igmp.o
LOAD build/ip4.o
LOAD build/ip4_addr.o
LOAD build/ip4_frag.o
LOAD build/dhcp6.o
LOAD build/ethip6.o
LOAD build/icmp6.o
LOAD build/inet6.o
LOAD build/ip6.o
LOAD build/ip6_addr.o
LOAD build/ip6_frag.o
LOAD build/mld6.o
LOAD build/nd6.o
LOAD build/sys_arch.o
LOAD build/mqtt.o
LOAD build/usbh_core.o
LOAD build/usbh_ctlreq.o
LOAD build/usbh_ioreq.o
LOAD build/usbh_pipes.o
LOAD build/usbh_msc.o
LOAD build/usbh_msc_bot.o
LOAD build/usbh_msc_scsi.o
LOAD build/startup_stm32f746xx.o
LOAD /usr/lib/gcc/arm-none-eabi/7.1.0/../../../../arm-none-eabi/lib/thumb/v7e-m/fpv5-sp/hard/libc_nano.a
LOAD /usr/lib/gcc/arm-none-eabi/7.1.0/../../../../arm-none-eabi/lib/thumb/v7e-m/fpv5-sp/hard/libm.a
LOAD /usr/lib/gcc/arm-none-eabi/7.1.0/../../../../arm-none-eabi/lib/thumb/v7e-m/fpv5-sp/hard/libnosys.a
START GROUP
LOAD /usr/lib/gcc/arm-none-eabi/7.1.0/thumb/v7e-m/fpv5-sp/hard/libgcc.a
LOAD /usr/lib/gcc/arm-none-eabi/7.1.0/../../../../arm-none-eabi/lib/thumb/v7e-m/fpv5-sp/hard/libc_nano.a
END GROUP
START GROUP
LOAD /usr/lib/gcc/arm-none-eabi/7.1.0/thumb/v7e-m/fpv5-sp/hard/libgcc.a
LOAD /usr/lib/gcc/arm-none-eabi/7.1.0/../../../../arm-none-eabi/lib/thumb/v7e-m/fpv5-sp/hard/libc_nano.a
END GROUP
LOAD /usr/lib/gcc/arm-none-eabi/7.1.0/thumb/v7e-m/fpv5-sp/hard/crtend.o
LOAD /usr/lib/gcc/arm-none-eabi/7.1.0/thumb/v7e-m/fpv5-sp/hard/crtn.o
                0x0000000020050000                _estack = 0x20050000
                0x0000000000000200                _Min_Heap_Size = 0x200
                0x0000000000000400                _Min_Stack_Size = 0x400

.isr_vector     0x0000000008000000      0x1c8
                0x0000000008000000                . = ALIGN (0x4)
 *(.isr_vector)
 .isr_vector    0x0000000008000000      0x1c8 build/startup_stm32f746xx.o
                0x0000000008000000                g_pfnVectors
                0x00000000080001c8                . = ALIGN (0x4)

.text           0x00000000080001d0     0x8ae8
                0x00000000080001d0                . = ALIGN (0x4)
 *(.text)
 .text          0x00000000080001d0       0x88 /usr/lib/gcc/arm-none-eabi/7.1.0/thumb/v7e-m/fpv5-sp/hard/crtbegin.o
 *fill*         0x0000000008000258        0x8 
 .text          0x0000000008000260       0xa0 /usr/lib/gcc/arm-none-eabi/7.1.0/../../../../arm-none-eabi/lib/thumb/v7e-m/fpv5-sp/hard/libc_nano.a(lib_a-memchr.o)
                0x0000000008000260                memchr
 .text          0x0000000008000300       0x30 /usr/lib/gcc/arm-none-eabi/7.1.0/thumb/v7e-m/fpv5-sp/hard/libgcc.a(_aeabi_uldivmod.o)
                0x0000000008000300                __aeabi_uldivmod
 .text          0x0000000008000330      0x2cc /usr/lib/gcc/arm-none-eabi/7.1.0/thumb/v7e-m/fpv5-sp/hard/libgcc.a(_udivmoddi4.o)
                0x0000000008000330                __udivmoddi4
 .text          0x00000000080005fc        0x4 /usr/lib/gcc/arm-none-eabi/7.1.0/thumb/v7e-m/fpv5-sp/hard/libgcc.a(_dvmd_tls.o)
                0x00000000080005fc                __aeabi_ldiv0
                0x00000000080005fc                __aeabi_idiv0
 *(.text*)
 .text.MX_GPIO_Init
                0x0000000008000600      0x120 build/main.o
 .text.inkey    0x0000000008000720       0x20 build/main.o
                0x0000000008000720                inkey
 .text.file_create_with_contents
                0x0000000008000740       0x38 build/main.o
                0x0000000008000740                file_create_with_contents
 .text.list_files_from_dir
                0x0000000008000778       0x44 build/main.o
                0x0000000008000778                list_files_from_dir
 .text.HAL_TIM_PeriodElapsedCallback
                0x00000000080007bc       0x18 build/main.o
                0x00000000080007bc                HAL_TIM_PeriodElapsedCallback
 .text._Error_Handler
                0x00000000080007d4        0x2 build/main.o
                0x00000000080007d4                _Error_Handler
 *fill*         0x00000000080007d6        0x2 
 .text.MX_USART3_UART_Init
                0x00000000080007d8       0x40 build/main.o
 .text.MX_I2C2_Init
                0x0000000008000818       0x68 build/main.o
 .text.SystemClock_Config
                0x0000000008000880       0xe4 build/main.o
                0x0000000008000880                SystemClock_Config
 .text.main     0x0000000008000964      0x164 build/main.o
                0x0000000008000964                main
 .text.xputc    0x0000000008000ac8        0x8 build/term_io.o
                0x0000000008000ac8                xputc
 .text.xputs    0x0000000008000ad0       0x14 build/term_io.o
                0x0000000008000ad0                xputs
 .text.xitoa    0x0000000008000ae4       0x9c build/term_io.o
                0x0000000008000ae4                xitoa
 .text.xprintf  0x0000000008000b80       0xee build/term_io.o
                0x0000000008000b80                xprintf
 *fill*         0x0000000008000c6e        0x2 
 .text.debug_init
                0x0000000008000c70        0xc build/dbgu.o
                0x0000000008000c70                debug_init
 .text.debug_chr
                0x0000000008000c7c       0x18 build/dbgu.o
                0x0000000008000c7c                debug_chr
 .text.USBH_initialize
                0x0000000008000c94        0x4 build/usbh_diskio.o
                0x0000000008000c94                USBH_initialize
 .text.USBH_status
                0x0000000008000c98       0x18 build/usbh_diskio.o
                0x0000000008000c98                USBH_status
 .text.USBH_read
                0x0000000008000cb0       0x40 build/usbh_diskio.o
                0x0000000008000cb0                USBH_read
 .text.USBH_ioctl
                0x0000000008000cf0       0x68 build/usbh_diskio.o
                0x0000000008000cf0                USBH_ioctl
 .text.USBH_write
                0x0000000008000d58       0x4c build/usbh_diskio.o
                0x0000000008000d58                USBH_write
 .text.get_fattime
                0x0000000008000da4        0x4 build/fatfs.o
                0x0000000008000da4                get_fattime
 .text.HAL_ETH_RxCpltCallback
                0x0000000008000da8       0x10 build/ethernetif.o
                0x0000000008000da8                HAL_ETH_RxCpltCallback
 .text._sbrk    0x0000000008000db8       0x48 build/syscalls.o
                0x0000000008000db8                _sbrk
 .text._write   0x0000000008000e00       0x1c build/syscalls.o
                0x0000000008000e00                _write
 .text._close   0x0000000008000e1c        0x6 build/syscalls.o
                0x0000000008000e1c                _close
 .text._fstat   0x0000000008000e22        0xa build/syscalls.o
                0x0000000008000e22                _fstat
 .text._isatty  0x0000000008000e2c        0x4 build/syscalls.o
                0x0000000008000e2c                _isatty
 .text._lseek   0x0000000008000e30        0x4 build/syscalls.o
                0x0000000008000e30                _lseek
 .text._read    0x0000000008000e34       0x1c build/syscalls.o
                0x0000000008000e34                _read
 .text.HAL_HCD_SOF_Callback
                0x0000000008000e50        0xc build/usbh_conf.o
                0x0000000008000e50                HAL_HCD_SOF_Callback
 .text.HAL_HCD_Connect_Callback
                0x0000000008000e5c        0xc build/usbh_conf.o
                0x0000000008000e5c                HAL_HCD_Connect_Callback
 .text.HAL_HCD_Disconnect_Callback
                0x0000000008000e68        0xc build/usbh_conf.o
                0x0000000008000e68                HAL_HCD_Disconnect_Callback
 .text.HAL_HCD_HC_NotifyURBChange_Callback
                0x0000000008000e74        0xc build/usbh_conf.o
                0x0000000008000e74                HAL_HCD_HC_NotifyURBChange_Callback
 .text.HAL_HCD_PortEnabled_Callback
                0x0000000008000e80        0xc build/usbh_conf.o
                0x0000000008000e80                HAL_HCD_PortEnabled_Callback
 .text.HAL_HCD_PortDisabled_Callback
                0x0000000008000e8c        0xc build/usbh_conf.o
                0x0000000008000e8c                HAL_HCD_PortDisabled_Callback
 .text.USBH_LL_Start
                0x0000000008000e98       0x1c build/usbh_conf.o
                0x0000000008000e98                USBH_LL_Start
 .text.USBH_LL_Stop
                0x0000000008000eb4       0x1c build/usbh_conf.o
                0x0000000008000eb4                USBH_LL_Stop
 .text.USBH_LL_GetSpeed
                0x0000000008000ed0       0x1c build/usbh_conf.o
                0x0000000008000ed0                USBH_LL_GetSpeed
 .text.USBH_LL_ResetPort
                0x0000000008000eec       0x1c build/usbh_conf.o
                0x0000000008000eec                USBH_LL_ResetPort
 .text.USBH_LL_GetLastXferSize
                0x0000000008000f08        0xc build/usbh_conf.o
                0x0000000008000f08                USBH_LL_GetLastXferSize
 .text.USBH_LL_OpenPipe
                0x0000000008000f14       0x32 build/usbh_conf.o
                0x0000000008000f14                USBH_LL_OpenPipe
 .text.USBH_LL_SubmitURB
                0x0000000008000f46       0x36 build/usbh_conf.o
                0x0000000008000f46                USBH_LL_SubmitURB
 .text.USBH_LL_GetURBState
                0x0000000008000f7c        0xc build/usbh_conf.o
                0x0000000008000f7c                USBH_LL_GetURBState
 .text.USBH_LL_SetToggle
                0x0000000008000f88       0x32 build/usbh_conf.o
                0x0000000008000f88                USBH_LL_SetToggle
 .text.USBH_LL_GetToggle
                0x0000000008000fba       0x2a build/usbh_conf.o
                0x0000000008000fba                USBH_LL_GetToggle
 .text.USBH_Delay
                0x0000000008000fe4        0x8 build/usbh_conf.o
                0x0000000008000fe4                USBH_Delay
 .text.NMI_Handler
                0x0000000008000fec        0x2 build/stm32f7xx_it.o
                0x0000000008000fec                NMI_Handler
 .text.HardFault_Handler
                0x0000000008000fee        0x2 build/stm32f7xx_it.o
                0x0000000008000fee                HardFault_Handler
 .text.MemManage_Handler
                0x0000000008000ff0        0x2 build/stm32f7xx_it.o
                0x0000000008000ff0                MemManage_Handler
 .text.BusFault_Handler
                0x0000000008000ff2        0x2 build/stm32f7xx_it.o
                0x0000000008000ff2                BusFault_Handler
 .text.UsageFault_Handler
                0x0000000008000ff4        0x2 build/stm32f7xx_it.o
                0x0000000008000ff4                UsageFault_Handler
 .text.DebugMon_Handler
                0x0000000008000ff6        0x2 build/stm32f7xx_it.o
                0x0000000008000ff6                DebugMon_Handler
 .text.SysTick_Handler
                0x0000000008000ff8        0x8 build/stm32f7xx_it.o
                0x0000000008000ff8                SysTick_Handler
 .text.TIM8_UP_TIM13_IRQHandler
                0x0000000008001000       0x10 build/stm32f7xx_it.o
                0x0000000008001000                TIM8_UP_TIM13_IRQHandler
 .text.ETH_IRQHandler
                0x0000000008001010       0x10 build/stm32f7xx_it.o
                0x0000000008001010                ETH_IRQHandler
 .text.OTG_FS_IRQHandler
                0x0000000008001020       0x10 build/stm32f7xx_it.o
                0x0000000008001020                OTG_FS_IRQHandler
 .text.HAL_MspInit
                0x0000000008001030       0x90 build/stm32f7xx_hal_msp.o
                0x0000000008001030                HAL_MspInit
 .text.HAL_I2C_MspInit
                0x00000000080010c0       0x50 build/stm32f7xx_hal_msp.o
                0x00000000080010c0                HAL_I2C_MspInit
 .text.HAL_UART_MspInit
                0x0000000008001110       0x50 build/stm32f7xx_hal_msp.o
                0x0000000008001110                HAL_UART_MspInit
 .text.HAL_InitTick
                0x0000000008001160       0x7c build/stm32f7xx_hal_timebase_TIM.o
                0x0000000008001160                HAL_InitTick
 .text.HAL_ETH_TxCpltCallback
                0x00000000080011dc        0x2 build/stm32f7xx_hal_eth.o
                0x00000000080011dc                HAL_ETH_TxCpltCallback
 .text.HAL_ETH_ErrorCallback
                0x00000000080011de        0x2 build/stm32f7xx_hal_eth.o
                0x00000000080011de                HAL_ETH_ErrorCallback
 .text.HAL_ETH_IRQHandler
                0x00000000080011e0       0x8c build/stm32f7xx_hal_eth.o
                0x00000000080011e0                HAL_ETH_IRQHandler
 .text.HCD_RXQLVL_IRQHandler
                0x000000000800126c       0x7c build/stm32f7xx_hal_hcd.o
 .text.HAL_HCD_HC_Init
                0x00000000080012e8       0xa0 build/stm32f7xx_hal_hcd.o
                0x00000000080012e8                HAL_HCD_HC_Init
 .text.HAL_HCD_HC_SubmitRequest
                0x0000000008001388      0x18c build/stm32f7xx_hal_hcd.o
                0x0000000008001388                HAL_HCD_HC_SubmitRequest
 .text.HCD_Port_IRQHandler
                0x0000000008001514       0xd4 build/stm32f7xx_hal_hcd.o
 .text.HCD_HC_IN_IRQHandler
                0x00000000080015e8      0x2d8 build/stm32f7xx_hal_hcd.o
 .text.HCD_HC_OUT_IRQHandler
                0x00000000080018c0      0x2ac build/stm32f7xx_hal_hcd.o
 .text.HAL_HCD_IRQHandler
                0x0000000008001b6c      0x148 build/stm32f7xx_hal_hcd.o
                0x0000000008001b6c                HAL_HCD_IRQHandler
 .text.HAL_HCD_Start
                0x0000000008001cb4       0x2c build/stm32f7xx_hal_hcd.o
                0x0000000008001cb4                HAL_HCD_Start
 .text.HAL_HCD_Stop
                0x0000000008001ce0       0x24 build/stm32f7xx_hal_hcd.o
                0x0000000008001ce0                HAL_HCD_Stop
 .text.HAL_HCD_ResetPort
                0x0000000008001d04        0xa build/stm32f7xx_hal_hcd.o
                0x0000000008001d04                HAL_HCD_ResetPort
 .text.HAL_HCD_HC_GetURBState
                0x0000000008001d0e        0xe build/stm32f7xx_hal_hcd.o
                0x0000000008001d0e                HAL_HCD_HC_GetURBState
 .text.HAL_HCD_HC_GetXferCount
                0x0000000008001d1c        0xc build/stm32f7xx_hal_hcd.o
                0x0000000008001d1c                HAL_HCD_HC_GetXferCount
 .text.HAL_HCD_GetCurrentSpeed
                0x0000000008001d28        0xa build/stm32f7xx_hal_hcd.o
                0x0000000008001d28                HAL_HCD_GetCurrentSpeed
 .text.USB_EnableGlobalInt
                0x0000000008001d32        0xc build/stm32f7xx_ll_usb.o
                0x0000000008001d32                USB_EnableGlobalInt
 .text.USB_DisableGlobalInt
                0x0000000008001d3e        0xc build/stm32f7xx_ll_usb.o
                0x0000000008001d3e                USB_DisableGlobalInt
 *fill*         0x0000000008001d4a        0x2 
 .text.USB_FlushTxFifo
                0x0000000008001d4c       0x28 build/stm32f7xx_ll_usb.o
                0x0000000008001d4c                USB_FlushTxFifo
 .text.USB_FlushRxFifo
                0x0000000008001d74       0x24 build/stm32f7xx_ll_usb.o
                0x0000000008001d74                USB_FlushRxFifo
 .text.USB_WritePacket
                0x0000000008001d98       0x28 build/stm32f7xx_ll_usb.o
                0x0000000008001d98                USB_WritePacket
 .text.USB_ReadPacket
                0x0000000008001dc0       0x28 build/stm32f7xx_ll_usb.o
                0x0000000008001dc0                USB_ReadPacket
 .text.USB_ReadInterrupts
                0x0000000008001de8        0x8 build/stm32f7xx_ll_usb.o
                0x0000000008001de8                USB_ReadInterrupts
 .text.USB_GetMode
                0x0000000008001df0        0x8 build/stm32f7xx_ll_usb.o
                0x0000000008001df0                USB_GetMode
 .text.USB_InitFSLSPClkSel
                0x0000000008001df8       0x40 build/stm32f7xx_ll_usb.o
                0x0000000008001df8                USB_InitFSLSPClkSel
 .text.USB_ResetPort
                0x0000000008001e38       0x3e build/stm32f7xx_ll_usb.o
                0x0000000008001e38                USB_ResetPort
 .text.USB_DriveVbus
                0x0000000008001e76       0x46 build/stm32f7xx_ll_usb.o
                0x0000000008001e76                USB_DriveVbus
 .text.USB_GetHostSpeed
                0x0000000008001ebc       0x16 build/stm32f7xx_ll_usb.o
                0x0000000008001ebc                USB_GetHostSpeed
 .text.USB_HC_Init
                0x0000000008001ed2      0x106 build/stm32f7xx_ll_usb.o
                0x0000000008001ed2                USB_HC_Init
 .text.USB_HC_ReadInterrupt
                0x0000000008001fd8        0xa build/stm32f7xx_ll_usb.o
                0x0000000008001fd8                USB_HC_ReadInterrupt
 .text.USB_HC_Halt
                0x0000000008001fe2       0xdc build/stm32f7xx_ll_usb.o
                0x0000000008001fe2                USB_HC_Halt
 *fill*         0x00000000080020be        0x2 
 .text.USB_DoPing
                0x00000000080020c0       0x24 build/stm32f7xx_ll_usb.o
                0x00000000080020c0                USB_DoPing
 .text.USB_HC_StartXfer
                0x00000000080020e4      0x158 build/stm32f7xx_ll_usb.o
                0x00000000080020e4                USB_HC_StartXfer
 .text.USB_StopHost
                0x000000000800223c       0x7e build/stm32f7xx_ll_usb.o
                0x000000000800223c                USB_StopHost
 *fill*         0x00000000080022ba        0x2 
 .text.HAL_NVIC_SetPriorityGrouping
                0x00000000080022bc       0x24 build/stm32f7xx_hal_cortex.o
                0x00000000080022bc                HAL_NVIC_SetPriorityGrouping
 .text.HAL_NVIC_SetPriority
                0x00000000080022e0       0x64 build/stm32f7xx_hal_cortex.o
                0x00000000080022e0                HAL_NVIC_SetPriority
 .text.HAL_NVIC_EnableIRQ
                0x0000000008002344       0x18 build/stm32f7xx_hal_cortex.o
                0x0000000008002344                HAL_NVIC_EnableIRQ
 .text.HAL_SYSTICK_Config
                0x000000000800235c       0x2c build/stm32f7xx_hal_cortex.o
                0x000000000800235c                HAL_SYSTICK_Config
 .text.HAL_SYSTICK_CLKSourceConfig
                0x0000000008002388       0x20 build/stm32f7xx_hal_cortex.o
                0x0000000008002388                HAL_SYSTICK_CLKSourceConfig
 .text.HAL_I2C_Init
                0x00000000080023a8       0xbc build/stm32f7xx_hal_i2c.o
                0x00000000080023a8                HAL_I2C_Init
 .text.HAL_I2CEx_ConfigAnalogFilter
                0x0000000008002464       0x5c build/stm32f7xx_hal_i2c_ex.o
                0x0000000008002464                HAL_I2CEx_ConfigAnalogFilter
 .text.HAL_I2CEx_ConfigDigitalFilter
                0x00000000080024c0       0x58 build/stm32f7xx_hal_i2c_ex.o
                0x00000000080024c0                HAL_I2CEx_ConfigDigitalFilter
 .text.HAL_TIM_Base_MspInit
                0x0000000008002518        0x2 build/stm32f7xx_hal_tim.o
                0x0000000008002518                HAL_TIM_Base_MspInit
 .text.HAL_TIM_Base_Start_IT
                0x000000000800251a       0x18 build/stm32f7xx_hal_tim.o
                0x000000000800251a                HAL_TIM_Base_Start_IT
 .text.HAL_TIM_OC_DelayElapsedCallback
                0x0000000008002532        0x2 build/stm32f7xx_hal_tim.o
                0x0000000008002532                HAL_TIM_OC_DelayElapsedCallback
 .text.HAL_TIM_IC_CaptureCallback
                0x0000000008002534        0x2 build/stm32f7xx_hal_tim.o
                0x0000000008002534                HAL_TIM_IC_CaptureCallback
 .text.HAL_TIM_PWM_PulseFinishedCallback
                0x0000000008002536        0x2 build/stm32f7xx_hal_tim.o
                0x0000000008002536                HAL_TIM_PWM_PulseFinishedCallback
 .text.HAL_TIM_TriggerCallback
                0x0000000008002538        0x2 build/stm32f7xx_hal_tim.o
                0x0000000008002538                HAL_TIM_TriggerCallback
 .text.HAL_TIM_IRQHandler
                0x000000000800253a      0x19a build/stm32f7xx_hal_tim.o
                0x000000000800253a                HAL_TIM_IRQHandler
 .text.TIM_Base_SetConfig
                0x00000000080026d4      0x10c build/stm32f7xx_hal_tim.o
                0x00000000080026d4                TIM_Base_SetConfig
 .text.HAL_TIM_Base_Init
                0x00000000080027e0       0x32 build/stm32f7xx_hal_tim.o
                0x00000000080027e0                HAL_TIM_Base_Init
 .text.HAL_TIMEx_CommutationCallback
                0x0000000008002812        0x2 build/stm32f7xx_hal_tim_ex.o
                0x0000000008002812                HAL_TIMEx_CommutationCallback
 .text.HAL_TIMEx_BreakCallback
                0x0000000008002814        0x2 build/stm32f7xx_hal_tim_ex.o
                0x0000000008002814                HAL_TIMEx_BreakCallback
 .text.UART_WaitOnFlagUntilTimeout
                0x0000000008002816       0x62 build/stm32f7xx_hal_uart.o
                0x0000000008002816                UART_WaitOnFlagUntilTimeout
 .text.UART_SetConfig
                0x0000000008002878      0x35c build/stm32f7xx_hal_uart.o
                0x0000000008002878                UART_SetConfig
 .text.UART_AdvFeatureConfig
                0x0000000008002bd4       0xca build/stm32f7xx_hal_uart.o
                0x0000000008002bd4                UART_AdvFeatureConfig
 .text.UART_CheckIdleState
                0x0000000008002c9e       0x48 build/stm32f7xx_hal_uart.o
                0x0000000008002c9e                UART_CheckIdleState
 .text.HAL_UART_Init
                0x0000000008002ce6       0x66 build/stm32f7xx_hal_uart.o
                0x0000000008002ce6                HAL_UART_Init
 .text.HAL_RCC_OscConfig
                0x0000000008002d4c      0x3d4 build/stm32f7xx_hal_rcc.o
                0x0000000008002d4c                HAL_RCC_OscConfig
 .text.HAL_RCC_GetSysClockFreq
                0x0000000008003120       0xd8 build/stm32f7xx_hal_rcc.o
                0x0000000008003120                HAL_RCC_GetSysClockFreq
 .text.HAL_RCC_ClockConfig
                0x00000000080031f8      0x164 build/stm32f7xx_hal_rcc.o
                0x00000000080031f8                HAL_RCC_ClockConfig
 .text.HAL_RCC_GetHCLKFreq
                0x000000000800335c        0xc build/stm32f7xx_hal_rcc.o
                0x000000000800335c                HAL_RCC_GetHCLKFreq
 .text.HAL_RCC_GetPCLK1Freq
                0x0000000008003368       0x20 build/stm32f7xx_hal_rcc.o
                0x0000000008003368                HAL_RCC_GetPCLK1Freq
 .text.HAL_RCC_GetPCLK2Freq
                0x0000000008003388       0x20 build/stm32f7xx_hal_rcc.o
                0x0000000008003388                HAL_RCC_GetPCLK2Freq
 .text.HAL_RCC_GetClockConfig
                0x00000000080033a8       0x3c build/stm32f7xx_hal_rcc.o
                0x00000000080033a8                HAL_RCC_GetClockConfig
 .text.HAL_RCCEx_PeriphCLKConfig
                0x00000000080033e4      0x5ac build/stm32f7xx_hal_rcc_ex.o
                0x00000000080033e4                HAL_RCCEx_PeriphCLKConfig
 .text.HAL_GPIO_Init
                0x0000000008003990      0x1e0 build/stm32f7xx_hal_gpio.o
                0x0000000008003990                HAL_GPIO_Init
 .text.HAL_GPIO_WritePin
                0x0000000008003b70        0xc build/stm32f7xx_hal_gpio.o
                0x0000000008003b70                HAL_GPIO_WritePin
 .text.HAL_GPIO_TogglePin
                0x0000000008003b7c        0x8 build/stm32f7xx_hal_gpio.o
                0x0000000008003b7c                HAL_GPIO_TogglePin
 .text.HAL_Init
                0x0000000008003b84       0x16 build/stm32f7xx_hal.o
                0x0000000008003b84                HAL_Init
 *fill*         0x0000000008003b9a        0x2 
 .text.HAL_IncTick
                0x0000000008003b9c       0x18 build/stm32f7xx_hal.o
                0x0000000008003b9c                HAL_IncTick
 .text.HAL_GetTick
                0x0000000008003bb4        0xc build/stm32f7xx_hal.o
                0x0000000008003bb4                HAL_GetTick
 .text.HAL_Delay
                0x0000000008003bc0       0x28 build/stm32f7xx_hal.o
                0x0000000008003bc0                HAL_Delay
 .text.SystemInit
                0x0000000008003be8       0x50 build/system_stm32f7xx.o
                0x0000000008003be8                SystemInit
 .text.ff_cre_syncobj
                0x0000000008003c38       0x20 build/syscall.o
                0x0000000008003c38                ff_cre_syncobj
 .text.ff_del_syncobj
                0x0000000008003c58        0xa build/syscall.o
                0x0000000008003c58                ff_del_syncobj
 .text.ff_req_grant
                0x0000000008003c62       0x14 build/syscall.o
                0x0000000008003c62                ff_req_grant
 .text.ff_rel_grant
                0x0000000008003c76        0x8 build/syscall.o
                0x0000000008003c76                ff_rel_grant
 *fill*         0x0000000008003c7e        0x2 
 .text.disk_status
                0x0000000008003c80       0x18 build/diskio.o
                0x0000000008003c80                disk_status
 .text.disk_initialize
                0x0000000008003c98       0x28 build/diskio.o
                0x0000000008003c98                disk_initialize
 .text.disk_read
                0x0000000008003cc0       0x18 build/diskio.o
                0x0000000008003cc0                disk_read
 .text.disk_write
                0x0000000008003cd8       0x18 build/diskio.o
                0x0000000008003cd8                disk_write
 .text.disk_ioctl
                0x0000000008003cf0       0x18 build/diskio.o
                0x0000000008003cf0                disk_ioctl
 .text.ld_word  0x0000000008003d08        0xa build/ff.o
 .text.ld_dword
                0x0000000008003d12       0x16 build/ff.o
 .text.st_word  0x0000000008003d28        0x8 build/ff.o
 .text.st_dword
                0x0000000008003d30       0x14 build/ff.o
 .text.mem_cpy  0x0000000008003d44       0x12 build/ff.o
 .text.mem_set  0x0000000008003d56        0xa build/ff.o
 .text.mem_cmp  0x0000000008003d60       0x1e build/ff.o
 .text.chk_chr  0x0000000008003d7e       0x10 build/ff.o
 *fill*         0x0000000008003d8e        0x2 
 .text.chk_lock
                0x0000000008003d90       0x74 build/ff.o
 .text.enq_lock
                0x0000000008003e04       0x20 build/ff.o
 .text.inc_lock
                0x0000000008003e24       0xa4 build/ff.o
 .text.dec_lock
                0x0000000008003ec8       0x40 build/ff.o
 .text.clear_lock
                0x0000000008003f08       0x3c build/ff.o
 .text.clust2sect
                0x0000000008003f44       0x18 build/ff.o
 .text.clmt_clust
                0x0000000008003f5c       0x22 build/ff.o
 .text.ld_clust
                0x0000000008003f7e       0x26 build/ff.o
 .text.st_clust
                0x0000000008003fa4       0x26 build/ff.o
 .text.get_fileinfo
                0x0000000008003fca       0x68 build/ff.o
 *fill*         0x0000000008004032        0x2 
 .text.create_name
                0x0000000008004034       0xd4 build/ff.o
 .text.get_ldnumber
                0x0000000008004108       0x4e build/ff.o
 .text.lock_fs  0x0000000008004156       0x18 build/ff.o
 .text.validate
                0x000000000800416e       0x40 build/ff.o
 .text.sync_window
                0x00000000080041ae       0x54 build/ff.o
 .text.move_window
                0x0000000008004202       0x34 build/ff.o
 *fill*         0x0000000008004236        0x2 
 .text.check_fs
                0x0000000008004238       0x7c build/ff.o
 .text.find_volume
                0x00000000080042b4      0x314 build/ff.o
 .text.put_fat  0x00000000080045c8      0x10a build/ff.o
 .text.get_fat  0x00000000080046d2       0xd0 build/ff.o
 .text.dir_sdi  0x00000000080047a2       0xa2 build/ff.o
 .text.create_chain
                0x0000000008004844       0xce build/ff.o
 .text.remove_chain
                0x0000000008004912       0x88 build/ff.o
 .text.dir_next
                0x000000000800499a      0x10c build/ff.o
 .text.dir_find
                0x0000000008004aa6       0x5a build/ff.o
 .text.follow_path
                0x0000000008004b00       0x8c build/ff.o
 .text.dir_alloc
                0x0000000008004b8c       0x4e build/ff.o
 .text.dir_register
                0x0000000008004bda       0x3e build/ff.o
 .text.dir_read
                0x0000000008004c18       0x5e build/ff.o
 .text.unlock_fs
                0x0000000008004c76       0x2c build/ff.o
 *fill*         0x0000000008004ca2        0x2 
 .text.sync_fs  0x0000000008004ca4       0x8c build/ff.o
 .text.f_mount  0x0000000008004d30       0x8c build/ff.o
                0x0000000008004d30                f_mount
 .text.f_open   0x0000000008004dbc      0x244 build/ff.o
                0x0000000008004dbc                f_open
 .text.f_write  0x0000000008005000      0x236 build/ff.o
                0x0000000008005000                f_write
 .text.f_sync   0x0000000008005236       0xb0 build/ff.o
                0x0000000008005236                f_sync
 .text.f_close  0x00000000080052e6       0x3a build/ff.o
                0x00000000080052e6                f_close
 .text.f_opendir
                0x0000000008005320       0x92 build/ff.o
                0x0000000008005320                f_opendir
 .text.f_closedir
                0x00000000080053b2       0x30 build/ff.o
                0x00000000080053b2                f_closedir
 .text.f_readdir
                0x00000000080053e2       0x56 build/ff.o
                0x00000000080053e2                f_readdir
 .text.f_truncate
                0x0000000008005438       0xd0 build/ff.o
                0x0000000008005438                f_truncate
 .text.FATFS_LinkDriverEx
                0x0000000008005508       0x48 build/ff_gen_drv.o
                0x0000000008005508                FATFS_LinkDriverEx
 .text.FATFS_LinkDriver
                0x0000000008005550        0xa build/ff_gen_drv.o
                0x0000000008005550                FATFS_LinkDriver
 *fill*         0x000000000800555a        0x2 
 .text.prvHeapInit
                0x000000000800555c       0x64 build/heap_4.o
 .text.prvInsertBlockIntoFreeList
                0x00000000080055c0       0x58 build/heap_4.o
 .text.pvPortMalloc
                0x0000000008005618      0x114 build/heap_4.o
                0x0000000008005618                pvPortMalloc
 .text.vPortFree
                0x000000000800572c       0x78 build/heap_4.o
                0x000000000800572c                vPortFree
 *fill*         0x00000000080057a4        0xc 
 .text.SVC_Handler
                0x00000000080057b0       0x24 build/port.o
                0x00000000080057b0                SVC_Handler
 .text.vPortEnterCritical
                0x00000000080057d4       0x4c build/port.o
                0x00000000080057d4                vPortEnterCritical
 .text.vPortExitCritical
                0x0000000008005820       0x30 build/port.o
                0x0000000008005820                vPortExitCritical
 .text.PendSV_Handler
                0x0000000008005850       0x64 build/port.o
                0x0000000008005850                PendSV_Handler
 .text.xPortSysTickHandler
                0x00000000080058b4       0x30 build/port.o
                0x00000000080058b4                xPortSysTickHandler
 .text.vPortValidateInterruptPriority
                0x00000000080058e4       0x64 build/port.o
                0x00000000080058e4                vPortValidateInterruptPriority
 .text.vListInitialise
                0x0000000008005948       0x16 build/list.o
                0x0000000008005948                vListInitialise
 .text.vListInsertEnd
                0x000000000800595e       0x18 build/list.o
                0x000000000800595e                vListInsertEnd
 .text.vListInsert
                0x0000000008005976       0x34 build/list.o
                0x0000000008005976                vListInsert
 .text.uxListRemove
                0x00000000080059aa       0x26 build/list.o
                0x00000000080059aa                uxListRemove
 .text.prvIsQueueFull
                0x00000000080059d0       0x1e build/queue.o
 .text.prvIsQueueEmpty
                0x00000000080059ee       0x1a build/queue.o
 .text.prvCopyDataToQueue
                0x0000000008005a08       0x76 build/queue.o
 .text.prvCopyDataFromQueue
                0x0000000008005a7e       0x24 build/queue.o
 .text.prvUnlockQueue
                0x0000000008005aa2       0x6e build/queue.o
 .text.xQueueGenericReset
                0x0000000008005b10       0x88 build/queue.o
                0x0000000008005b10                xQueueGenericReset
 .text.prvInitialiseNewQueue
                0x0000000008005b98       0x1c build/queue.o
 .text.xQueueGenericCreate
                0x0000000008005bb4       0x4c build/queue.o
                0x0000000008005bb4                xQueueGenericCreate
 .text.xQueueGenericSend
                0x0000000008005c00      0x18c build/queue.o
                0x0000000008005c00                xQueueGenericSend
 .text.xQueueGenericSendFromISR
                0x0000000008005d8c       0xdc build/queue.o
                0x0000000008005d8c                xQueueGenericSendFromISR
 .text.xQueueGiveFromISR
                0x0000000008005e68       0xc2 build/queue.o
                0x0000000008005e68                xQueueGiveFromISR
 *fill*         0x0000000008005f2a        0x2 
 .text.xQueueGenericReceive
                0x0000000008005f2c      0x1b0 build/queue.o
                0x0000000008005f2c                xQueueGenericReceive
 .text.xQueueReceiveFromISR
                0x00000000080060dc       0xb6 build/queue.o
                0x00000000080060dc                xQueueReceiveFromISR
 *fill*         0x0000000008006192        0x2 
 .text.vQueueUnregisterQueue
                0x0000000008006194       0x2c build/queue.o
                0x0000000008006194                vQueueUnregisterQueue
 .text.vQueueDelete
                0x00000000080061c0       0x28 build/queue.o
                0x00000000080061c0                vQueueDelete
 .text.prvResetNextTaskUnblockTime
                0x00000000080061e8       0x2c build/tasks.o
 .text.prvAddCurrentTaskToDelayedList
                0x0000000008006214       0xa0 build/tasks.o
 .text.vTaskSuspendAll
                0x00000000080062b4       0x10 build/tasks.o
                0x00000000080062b4                vTaskSuspendAll
 .text.xTaskIncrementTick
                0x00000000080062c4      0x11c build/tasks.o
                0x00000000080062c4                xTaskIncrementTick
 .text.xTaskResumeAll
                0x00000000080063e0       0xf8 build/tasks.o
                0x00000000080063e0                xTaskResumeAll
 .text.vTaskSwitchContext
                0x00000000080064d8       0x9c build/tasks.o
                0x00000000080064d8                vTaskSwitchContext
 .text.vTaskPlaceOnEventList
                0x0000000008006574       0x34 build/tasks.o
                0x0000000008006574                vTaskPlaceOnEventList
 .text.xTaskRemoveFromEventList
                0x00000000080065a8       0x90 build/tasks.o
                0x00000000080065a8                xTaskRemoveFromEventList
 .text.vTaskSetTimeOutState
                0x0000000008006638       0x30 build/tasks.o
                0x0000000008006638                vTaskSetTimeOutState
 .text.xTaskCheckForTimeOut
                0x0000000008006668       0x88 build/tasks.o
                0x0000000008006668                xTaskCheckForTimeOut
 .text.vTaskMissedYield
                0x00000000080066f0        0xc build/tasks.o
                0x00000000080066f0                vTaskMissedYield
 .text.xTaskGetSchedulerState
                0x00000000080066fc       0x20 build/tasks.o
                0x00000000080066fc                xTaskGetSchedulerState
 .text.vTaskPriorityInherit
                0x000000000800671c       0xa0 build/tasks.o
                0x000000000800671c                vTaskPriorityInherit
 .text.xTaskPriorityDisinherit
                0x00000000080067bc       0xb8 build/tasks.o
                0x00000000080067bc                xTaskPriorityDisinherit
 .text.pvTaskIncrementMutexHeldCount
                0x0000000008006874       0x1c build/tasks.o
                0x0000000008006874                pvTaskIncrementMutexHeldCount
 .text.inHandlerMode
                0x0000000008006890        0xc build/cmsis_os.o
 .text.osSemaphoreCreate
                0x000000000800689c       0x26 build/cmsis_os.o
                0x000000000800689c                osSemaphoreCreate
 *fill*         0x00000000080068c2        0x2 
 .text.osSemaphoreWait
                0x00000000080068c4       0x74 build/cmsis_os.o
                0x00000000080068c4                osSemaphoreWait
 .text.osSemaphoreRelease
                0x0000000008006938       0x5c build/cmsis_os.o
                0x0000000008006938                osSemaphoreRelease
 .text.osSemaphoreDelete
                0x0000000008006994       0x18 build/cmsis_os.o
                0x0000000008006994                osSemaphoreDelete
 .text.osMessagePut
                0x00000000080069ac       0x68 build/cmsis_os.o
                0x00000000080069ac                osMessagePut
 .text.osSystickHandler
                0x0000000008006a14       0x10 build/cmsis_os.o
                0x0000000008006a14                osSystickHandler
 .text.DeInitStateMachine
                0x0000000008006a24       0x4a build/usbh_core.o
 .text.USBH_HandleSof
                0x0000000008006a6e       0x1a build/usbh_core.o
 .text.USBH_HandleEnum
                0x0000000008006a88      0x1a2 build/usbh_core.o
 .text.USBH_LL_IncTimer
                0x0000000008006c2a       0x12 build/usbh_core.o
                0x0000000008006c2a                USBH_LL_IncTimer
 .text.USBH_LL_PortEnabled
                0x0000000008006c3c        0x8 build/usbh_core.o
                0x0000000008006c3c                USBH_LL_PortEnabled
 .text.USBH_LL_PortDisabled
                0x0000000008006c44        0x8 build/usbh_core.o
                0x0000000008006c44                USBH_LL_PortDisabled
 .text.USBH_IsPortEnabled
                0x0000000008006c4c        0x6 build/usbh_core.o
                0x0000000008006c4c                USBH_IsPortEnabled
 .text.USBH_Process
                0x0000000008006c52      0x24a build/usbh_core.o
                0x0000000008006c52                USBH_Process
 .text.USBH_LL_Connect
                0x0000000008006e9c       0x36 build/usbh_core.o
                0x0000000008006e9c                USBH_LL_Connect
 .text.USBH_LL_Disconnect
                0x0000000008006ed2       0x44 build/usbh_core.o
                0x0000000008006ed2                USBH_LL_Disconnect
 .text.USBH_LL_NotifyURBChange
                0x0000000008006f16       0x12 build/usbh_core.o
                0x0000000008006f16                USBH_LL_NotifyURBChange
 .text.USBH_ParseDevDesc
                0x0000000008006f28       0x5c build/usbh_ctlreq.o
 .text.USBH_ParseInterfaceDesc
                0x0000000008006f84       0x26 build/usbh_ctlreq.o
 .text.USBH_ParseEPDesc
                0x0000000008006faa       0x20 build/usbh_ctlreq.o
 .text.USBH_ParseStringDesc
                0x0000000008006fca       0x3c build/usbh_ctlreq.o
 .text.USBH_HandleControl
                0x0000000008007006      0x28c build/usbh_ctlreq.o
 .text.USBH_GetNextDesc
                0x0000000008007292        0xe build/usbh_ctlreq.o
                0x0000000008007292                USBH_GetNextDesc
 .text.USBH_ParseCfgDesc
                0x00000000080072a0       0xc2 build/usbh_ctlreq.o
 .text.USBH_CtlReq
                0x0000000008007362       0x58 build/usbh_ctlreq.o
                0x0000000008007362                USBH_CtlReq
 .text.USBH_GetDescriptor
                0x00000000080073ba       0x3c build/usbh_ctlreq.o
                0x00000000080073ba                USBH_GetDescriptor
 .text.USBH_Get_DevDesc
                0x00000000080073f6       0x32 build/usbh_ctlreq.o
                0x00000000080073f6                USBH_Get_DevDesc
 .text.USBH_Get_CfgDesc
                0x0000000008007428       0x32 build/usbh_ctlreq.o
                0x0000000008007428                USBH_Get_CfgDesc
 .text.USBH_Get_StringDesc
                0x000000000800745a       0x30 build/usbh_ctlreq.o
                0x000000000800745a                USBH_Get_StringDesc
 .text.USBH_SetAddress
                0x000000000800748a       0x22 build/usbh_ctlreq.o
                0x000000000800748a                USBH_SetAddress
 .text.USBH_SetCfg
                0x00000000080074ac       0x22 build/usbh_ctlreq.o
                0x00000000080074ac                USBH_SetCfg
 .text.USBH_SetFeature
                0x00000000080074ce       0x22 build/usbh_ctlreq.o
                0x00000000080074ce                USBH_SetFeature
 .text.USBH_ClrFeature
                0x00000000080074f0       0x24 build/usbh_ctlreq.o
                0x00000000080074f0                USBH_ClrFeature
 .text.USBH_CtlSendSetup
                0x0000000008007514       0x22 build/usbh_ioreq.o
                0x0000000008007514                USBH_CtlSendSetup
 .text.USBH_CtlSendData
                0x0000000008007536       0x2c build/usbh_ioreq.o
                0x0000000008007536                USBH_CtlSendData
 .text.USBH_CtlReceiveData
                0x0000000008007562       0x20 build/usbh_ioreq.o
                0x0000000008007562                USBH_CtlReceiveData
 .text.USBH_BulkSendData
                0x0000000008007582       0x2c build/usbh_ioreq.o
                0x0000000008007582                USBH_BulkSendData
 .text.USBH_BulkReceiveData
                0x00000000080075ae       0x20 build/usbh_ioreq.o
                0x00000000080075ae                USBH_BulkReceiveData
 .text.USBH_GetFreePipe
                0x00000000080075ce       0x24 build/usbh_pipes.o
 .text.USBH_OpenPipe
                0x00000000080075f2       0x20 build/usbh_pipes.o
                0x00000000080075f2                USBH_OpenPipe
 .text.USBH_AllocPipe
                0x0000000008007612       0x22 build/usbh_pipes.o
                0x0000000008007612                USBH_AllocPipe
 .text.USBH_FreePipe
                0x0000000008007634       0x16 build/usbh_pipes.o
                0x0000000008007634                USBH_FreePipe
 .text.USBH_MSC_RdWrProcess
                0x000000000800764a      0x124 build/usbh_msc.o
 .text.USBH_MSC_UnitIsReady
                0x000000000800776e       0x26 build/usbh_msc.o
                0x000000000800776e                USBH_MSC_UnitIsReady
 .text.USBH_MSC_GetLUNInfo
                0x0000000008007794       0x44 build/usbh_msc.o
                0x0000000008007794                USBH_MSC_GetLUNInfo
 .text.USBH_MSC_Read
                0x00000000080077d8       0x94 build/usbh_msc.o
                0x00000000080077d8                USBH_MSC_Read
 .text.USBH_MSC_Write
                0x000000000800786c       0x94 build/usbh_msc.o
                0x000000000800786c                USBH_MSC_Write
 .text.USBH_MSC_DecodeCSW
                0x0000000008007900       0x50 build/usbh_msc_bot.o
 .text.USBH_MSC_BOT_Abort
                0x0000000008007950       0x22 build/usbh_msc_bot.o
 .text.USBH_MSC_BOT_REQ_Reset
                0x0000000008007972       0x1a build/usbh_msc_bot.o
                0x0000000008007972                USBH_MSC_BOT_REQ_Reset
 .text.USBH_MSC_BOT_Process
                0x000000000800798c      0x2d2 build/usbh_msc_bot.o
                0x000000000800798c                USBH_MSC_BOT_Process
 .text.USBH_MSC_SCSI_RequestSense
                0x0000000008007c5e       0x94 build/usbh_msc_scsi.o
                0x0000000008007c5e                USBH_MSC_SCSI_RequestSense
 .text.USBH_MSC_SCSI_Write
                0x0000000008007cf2       0x8a build/usbh_msc_scsi.o
                0x0000000008007cf2                USBH_MSC_SCSI_Write
 .text.USBH_MSC_SCSI_Read
                0x0000000008007d7c       0x8c build/usbh_msc_scsi.o
                0x0000000008007d7c                USBH_MSC_SCSI_Read
 .text.Reset_Handler
                0x0000000008007e08       0x50 build/startup_stm32f746xx.o
                0x0000000008007e08                Reset_Handler
 .text.Default_Handler
                0x0000000008007e58        0x2 build/startup_stm32f746xx.o
                0x0000000008007e58                RTC_Alarm_IRQHandler
                0x0000000008007e58                EXTI2_IRQHandler
                0x0000000008007e58                TIM8_CC_IRQHandler
                0x0000000008007e58                UART8_IRQHandler
                0x0000000008007e58                SPI4_IRQHandler
                0x0000000008007e58                TIM1_CC_IRQHandler
                0x0000000008007e58                DMA2_Stream5_IRQHandler
                0x0000000008007e58                DMA1_Stream5_IRQHandler
                0x0000000008007e58                PVD_IRQHandler
                0x0000000008007e58                TAMP_STAMP_IRQHandler
                0x0000000008007e58                CAN2_RX1_IRQHandler
                0x0000000008007e58                EXTI3_IRQHandler
                0x0000000008007e58                TIM8_TRG_COM_TIM14_IRQHandler
                0x0000000008007e58                TIM1_UP_TIM10_IRQHandler
                0x0000000008007e58                I2C3_ER_IRQHandler
                0x0000000008007e58                EXTI0_IRQHandler
                0x0000000008007e58                I2C2_EV_IRQHandler
                0x0000000008007e58                DMA1_Stream2_IRQHandler
                0x0000000008007e58                CAN1_RX0_IRQHandler
                0x0000000008007e58                FPU_IRQHandler
                0x0000000008007e58                OTG_HS_WKUP_IRQHandler
                0x0000000008007e58                LTDC_ER_IRQHandler
                0x0000000008007e58                CAN2_SCE_IRQHandler
                0x0000000008007e58                DMA2_Stream2_IRQHandler
                0x0000000008007e58                SPI1_IRQHandler
                0x0000000008007e58                TIM6_DAC_IRQHandler
                0x0000000008007e58                TIM1_BRK_TIM9_IRQHandler
                0x0000000008007e58                DCMI_IRQHandler
                0x0000000008007e58                CAN2_RX0_IRQHandler
                0x0000000008007e58                DMA2_Stream3_IRQHandler
                0x0000000008007e58                SAI2_IRQHandler
                0x0000000008007e58                USART6_IRQHandler
                0x0000000008007e58                USART3_IRQHandler
                0x0000000008007e58                CAN1_RX1_IRQHandler
                0x0000000008007e58                UART5_IRQHandler
                0x0000000008007e58                DMA2_Stream0_IRQHandler
                0x0000000008007e58                TIM4_IRQHandler
                0x0000000008007e58                QUADSPI_IRQHandler
                0x0000000008007e58                I2C1_EV_IRQHandler
                0x0000000008007e58                DMA1_Stream6_IRQHandler
                0x0000000008007e58                DMA1_Stream1_IRQHandler
                0x0000000008007e58                UART4_IRQHandler
                0x0000000008007e58                TIM3_IRQHandler
                0x0000000008007e58                RCC_IRQHandler
                0x0000000008007e58                TIM8_BRK_TIM12_IRQHandler
                0x0000000008007e58                Default_Handler
                0x0000000008007e58                CEC_IRQHandler
                0x0000000008007e58                EXTI15_10_IRQHandler
                0x0000000008007e58                ADC_IRQHandler
                0x0000000008007e58                DMA1_Stream7_IRQHandler
                0x0000000008007e58                SPI5_IRQHandler
                0x0000000008007e58                TIM7_IRQHandler
                0x0000000008007e58                SDMMC1_IRQHandler
                0x0000000008007e58                CAN2_TX_IRQHandler
                0x0000000008007e58                TIM5_IRQHandler
                0x0000000008007e58                DMA2_Stream7_IRQHandler
                0x0000000008007e58                I2C3_EV_IRQHandler
                0x0000000008007e58                EXTI9_5_IRQHandler
                0x0000000008007e58                RTC_WKUP_IRQHandler
                0x0000000008007e58                LTDC_IRQHandler
                0x0000000008007e58                ETH_WKUP_IRQHandler
                0x0000000008007e58                SPDIF_RX_IRQHandler
                0x0000000008007e58                SPI2_IRQHandler
                0x0000000008007e58                OTG_HS_EP1_IN_IRQHandler
                0x0000000008007e58                DMA1_Stream0_IRQHandler
                0x0000000008007e58                CAN1_TX_IRQHandler
                0x0000000008007e58                EXTI4_IRQHandler
                0x0000000008007e58                RNG_IRQHandler
                0x0000000008007e58                OTG_HS_EP1_OUT_IRQHandler
                0x0000000008007e58                WWDG_IRQHandler
                0x0000000008007e58                SPI6_IRQHandler
                0x0000000008007e58                I2C4_EV_IRQHandler
                0x0000000008007e58                TIM2_IRQHandler
                0x0000000008007e58                OTG_FS_WKUP_IRQHandler
                0x0000000008007e58                TIM1_TRG_COM_TIM11_IRQHandler
                0x0000000008007e58                OTG_HS_IRQHandler
                0x0000000008007e58                DMA2D_IRQHandler
                0x0000000008007e58                EXTI1_IRQHandler
                0x0000000008007e58                UART7_IRQHandler
                0x0000000008007e58                USART2_IRQHandler
                0x0000000008007e58                I2C2_ER_IRQHandler
                0x0000000008007e58                DMA2_Stream1_IRQHandler
                0x0000000008007e58                CAN1_SCE_IRQHandler
                0x0000000008007e58                FLASH_IRQHandler
                0x0000000008007e58                DMA2_Stream4_IRQHandler
                0x0000000008007e58                USART1_IRQHandler
                0x0000000008007e58                SPI3_IRQHandler
                0x0000000008007e58                DMA1_Stream4_IRQHandler
                0x0000000008007e58                I2C1_ER_IRQHandler
                0x0000000008007e58                FMC_IRQHandler
                0x0000000008007e58                LPTIM1_IRQHandler
                0x0000000008007e58                I2C4_ER_IRQHandler
                0x0000000008007e58                DMA2_Stream6_IRQHandler
                0x0000000008007e58                SAI1_IRQHandler
                0x0000000008007e58                DMA1_Stream3_IRQHandler
 *fill*         0x0000000008007e5a        0x2 
 .text.__libc_init_array
                0x0000000008007e5c       0x48 /usr/lib/gcc/arm-none-eabi/7.1.0/../../../../arm-none-eabi/lib/thumb/v7e-m/fpv5-sp/hard/libc_nano.a(lib_a-init.o)
                0x0000000008007e5c                __libc_init_array
 .text.malloc   0x0000000008007ea4       0x10 /usr/lib/gcc/arm-none-eabi/7.1.0/../../../../arm-none-eabi/lib/thumb/v7e-m/fpv5-sp/hard/libc_nano.a(lib_a-malloc.o)
                0x0000000008007ea4                malloc
 .text.memcpy   0x0000000008007eb4       0x16 /usr/lib/gcc/arm-none-eabi/7.1.0/../../../../arm-none-eabi/lib/thumb/v7e-m/fpv5-sp/hard/libc_nano.a(lib_a-memcpy-stub.o)
                0x0000000008007eb4                memcpy
 .text.memset   0x0000000008007eca       0x10 /usr/lib/gcc/arm-none-eabi/7.1.0/../../../../arm-none-eabi/lib/thumb/v7e-m/fpv5-sp/hard/libc_nano.a(lib_a-memset.o)
                0x0000000008007eca                memset
 *fill*         0x0000000008007eda        0x2 
 .text._free_r  0x0000000008007edc       0x9c /usr/lib/gcc/arm-none-eabi/7.1.0/../../../../arm-none-eabi/lib/thumb/v7e-m/fpv5-sp/hard/libc_nano.a(lib_a-nano-freer.o)
                0x0000000008007edc                _free_r
 .text._malloc_r
                0x0000000008007f78       0xb4 /usr/lib/gcc/arm-none-eabi/7.1.0/../../../../arm-none-eabi/lib/thumb/v7e-m/fpv5-sp/hard/libc_nano.a(lib_a-nano-mallocr.o)
                0x0000000008007f78                _malloc_r
 .text.printf   0x000000000800802c       0x30 /usr/lib/gcc/arm-none-eabi/7.1.0/../../../../arm-none-eabi/lib/thumb/v7e-m/fpv5-sp/hard/libc_nano.a(lib_a-printf.o)
                0x000000000800802c                printf
                0x000000000800802c                iprintf
 .text._sbrk_r  0x000000000800805c       0x20 /usr/lib/gcc/arm-none-eabi/7.1.0/../../../../arm-none-eabi/lib/thumb/v7e-m/fpv5-sp/hard/libc_nano.a(lib_a-sbrkr.o)
                0x000000000800805c                _sbrk_r
 .text.__swbuf_r
                0x000000000800807c       0xa4 /usr/lib/gcc/arm-none-eabi/7.1.0/../../../../arm-none-eabi/lib/thumb/v7e-m/fpv5-sp/hard/libc_nano.a(lib_a-wbuf.o)
                0x000000000800807c                __swbuf_r
 .text.__swsetup_r
                0x0000000008008120       0xdc /usr/lib/gcc/arm-none-eabi/7.1.0/../../../../arm-none-eabi/lib/thumb/v7e-m/fpv5-sp/hard/libc_nano.a(lib_a-wsetup.o)
                0x0000000008008120                __swsetup_r
 .text.__sflush_r
                0x00000000080081fc      0x10c /usr/lib/gcc/arm-none-eabi/7.1.0/../../../../arm-none-eabi/lib/thumb/v7e-m/fpv5-sp/hard/libc_nano.a(lib_a-fflush.o)
                0x00000000080081fc                __sflush_r
 .text._fflush_r
                0x0000000008008308       0x54 /usr/lib/gcc/arm-none-eabi/7.1.0/../../../../arm-none-eabi/lib/thumb/v7e-m/fpv5-sp/hard/libc_nano.a(lib_a-fflush.o)
                0x0000000008008308                _fflush_r
 .text._cleanup_r
                0x000000000800835c        0xc /usr/lib/gcc/arm-none-eabi/7.1.0/../../../../arm-none-eabi/lib/thumb/v7e-m/fpv5-sp/hard/libc_nano.a(lib_a-findfp.o)
                0x000000000800835c                _cleanup_r
 .text.std.isra.0
                0x0000000008008368       0x48 /usr/lib/gcc/arm-none-eabi/7.1.0/../../../../arm-none-eabi/lib/thumb/v7e-m/fpv5-sp/hard/libc_nano.a(lib_a-findfp.o)
 .text.__sfmoreglue
                0x00000000080083b0       0x2c /usr/lib/gcc/arm-none-eabi/7.1.0/../../../../arm-none-eabi/lib/thumb/v7e-m/fpv5-sp/hard/libc_nano.a(lib_a-findfp.o)
                0x00000000080083b0                __sfmoreglue
 .text.__sinit  0x00000000080083dc       0x60 /usr/lib/gcc/arm-none-eabi/7.1.0/../../../../arm-none-eabi/lib/thumb/v7e-m/fpv5-sp/hard/libc_nano.a(lib_a-findfp.o)
                0x00000000080083dc                __sinit
 .text.__sfp    0x000000000800843c       0x78 /usr/lib/gcc/arm-none-eabi/7.1.0/../../../../arm-none-eabi/lib/thumb/v7e-m/fpv5-sp/hard/libc_nano.a(lib_a-findfp.o)
                0x000000000800843c                __sfp
 .text._fwalk_reent
                0x00000000080084b4       0x3c /usr/lib/gcc/arm-none-eabi/7.1.0/../../../../arm-none-eabi/lib/thumb/v7e-m/fpv5-sp/hard/libc_nano.a(lib_a-fwalk.o)
                0x00000000080084b4                _fwalk_reent
 .text.__swhatbuf_r
                0x00000000080084f0       0x48 /usr/lib/gcc/arm-none-eabi/7.1.0/../../../../arm-none-eabi/lib/thumb/v7e-m/fpv5-sp/hard/libc_nano.a(lib_a-makebuf.o)
                0x00000000080084f0                __swhatbuf_r
 .text.__smakebuf_r
                0x0000000008008538       0x80 /usr/lib/gcc/arm-none-eabi/7.1.0/../../../../arm-none-eabi/lib/thumb/v7e-m/fpv5-sp/hard/libc_nano.a(lib_a-makebuf.o)
                0x0000000008008538                __smakebuf_r
 .text.__malloc_lock
                0x00000000080085b8        0x2 /usr/lib/gcc/arm-none-eabi/7.1.0/../../../../arm-none-eabi/lib/thumb/v7e-m/fpv5-sp/hard/libc_nano.a(lib_a-mlock.o)
                0x00000000080085b8                __malloc_lock
 .text.__malloc_unlock
                0x00000000080085ba        0x2 /usr/lib/gcc/arm-none-eabi/7.1.0/../../../../arm-none-eabi/lib/thumb/v7e-m/fpv5-sp/hard/libc_nano.a(lib_a-mlock.o)
                0x00000000080085ba                __malloc_unlock
 .text.__sfputc_r
                0x00000000080085bc       0x2e /usr/lib/gcc/arm-none-eabi/7.1.0/../../../../arm-none-eabi/lib/thumb/v7e-m/fpv5-sp/hard/libc_nano.a(lib_a-nano-vfprintf.o)
 .text.__sfputs_r
                0x00000000080085ea       0x24 /usr/lib/gcc/arm-none-eabi/7.1.0/../../../../arm-none-eabi/lib/thumb/v7e-m/fpv5-sp/hard/libc_nano.a(lib_a-nano-vfprintf.o)
                0x00000000080085ea                __sfputs_r
 *fill*         0x000000000800860e        0x2 
 .text._vfprintf_r
                0x0000000008008610      0x228 /usr/lib/gcc/arm-none-eabi/7.1.0/../../../../arm-none-eabi/lib/thumb/v7e-m/fpv5-sp/hard/libc_nano.a(lib_a-nano-vfprintf.o)
                0x0000000008008610                _vfiprintf_r
                0x0000000008008610                _vfprintf_r
 .text._printf_common
                0x0000000008008838       0xea /usr/lib/gcc/arm-none-eabi/7.1.0/../../../../arm-none-eabi/lib/thumb/v7e-m/fpv5-sp/hard/libc_nano.a(lib_a-nano-vfprintf_i.o)
                0x0000000008008838                _printf_common
 *fill*         0x0000000008008922        0x2 
 .text._printf_i
                0x0000000008008924      0x224 /usr/lib/gcc/arm-none-eabi/7.1.0/../../../../arm-none-eabi/lib/thumb/v7e-m/fpv5-sp/hard/libc_nano.a(lib_a-nano-vfprintf_i.o)
                0x0000000008008924                _printf_i
 .text.__sread  0x0000000008008b48       0x22 /usr/lib/gcc/arm-none-eabi/7.1.0/../../../../arm-none-eabi/lib/thumb/v7e-m/fpv5-sp/hard/libc_nano.a(lib_a-stdio.o)
                0x0000000008008b48                __sread
 .text.__swrite
                0x0000000008008b6a       0x38 /usr/lib/gcc/arm-none-eabi/7.1.0/../../../../arm-none-eabi/lib/thumb/v7e-m/fpv5-sp/hard/libc_nano.a(lib_a-stdio.o)
                0x0000000008008b6a                __swrite
 .text.__sseek  0x0000000008008ba2       0x24 /usr/lib/gcc/arm-none-eabi/7.1.0/../../../../arm-none-eabi/lib/thumb/v7e-m/fpv5-sp/hard/libc_nano.a(lib_a-stdio.o)
                0x0000000008008ba2                __sseek
 .text.__sclose
                0x0000000008008bc6        0x8 /usr/lib/gcc/arm-none-eabi/7.1.0/../../../../arm-none-eabi/lib/thumb/v7e-m/fpv5-sp/hard/libc_nano.a(lib_a-stdio.o)
                0x0000000008008bc6                __sclose
 *fill*         0x0000000008008bce        0x2 
 .text._write_r
                0x0000000008008bd0       0x24 /usr/lib/gcc/arm-none-eabi/7.1.0/../../../../arm-none-eabi/lib/thumb/v7e-m/fpv5-sp/hard/libc_nano.a(lib_a-writer.o)
                0x0000000008008bd0                _write_r
 .text._close_r
                0x0000000008008bf4       0x20 /usr/lib/gcc/arm-none-eabi/7.1.0/../../../../arm-none-eabi/lib/thumb/v7e-m/fpv5-sp/hard/libc_nano.a(lib_a-closer.o)
                0x0000000008008bf4                _close_r
 .text._fstat_r
                0x0000000008008c14       0x24 /usr/lib/gcc/arm-none-eabi/7.1.0/../../../../arm-none-eabi/lib/thumb/v7e-m/fpv5-sp/hard/libc_nano.a(lib_a-fstatr.o)
                0x0000000008008c14                _fstat_r
 .text._isatty_r
                0x0000000008008c38       0x20 /usr/lib/gcc/arm-none-eabi/7.1.0/../../../../arm-none-eabi/lib/thumb/v7e-m/fpv5-sp/hard/libc_nano.a(lib_a-isattyr.o)
                0x0000000008008c38                _isatty_r
 .text._lseek_r
                0x0000000008008c58       0x24 /usr/lib/gcc/arm-none-eabi/7.1.0/../../../../arm-none-eabi/lib/thumb/v7e-m/fpv5-sp/hard/libc_nano.a(lib_a-lseekr.o)
                0x0000000008008c58                _lseek_r
 .text._read_r  0x0000000008008c7c       0x24 /usr/lib/gcc/arm-none-eabi/7.1.0/../../../../arm-none-eabi/lib/thumb/v7e-m/fpv5-sp/hard/libc_nano.a(lib_a-readr.o)
                0x0000000008008c7c                _read_r
 *(.glue_7)
 .glue_7        0x0000000008008ca0        0x0 linker stubs
 *(.glue_7t)
 .glue_7t       0x0000000008008ca0        0x0 linker stubs
 *(.eh_frame)
 .eh_frame      0x0000000008008ca0        0x0 /usr/lib/gcc/arm-none-eabi/7.1.0/thumb/v7e-m/fpv5-sp/hard/crtbegin.o
 *(.init)
 .init          0x0000000008008ca0        0x4 /usr/lib/gcc/arm-none-eabi/7.1.0/thumb/v7e-m/fpv5-sp/hard/crti.o
                0x0000000008008ca0                _init
 .init          0x0000000008008ca4        0x8 /usr/lib/gcc/arm-none-eabi/7.1.0/thumb/v7e-m/fpv5-sp/hard/crtn.o
 *(.fini)
 .fini          0x0000000008008cac        0x4 /usr/lib/gcc/arm-none-eabi/7.1.0/thumb/v7e-m/fpv5-sp/hard/crti.o
                0x0000000008008cac                _fini
 .fini          0x0000000008008cb0        0x8 /usr/lib/gcc/arm-none-eabi/7.1.0/thumb/v7e-m/fpv5-sp/hard/crtn.o
                0x0000000008008cb8                . = ALIGN (0x4)
                0x0000000008008cb8                _etext = .

.vfp11_veneer   0x0000000008008cb8        0x0
 .vfp11_veneer  0x0000000008008cb8        0x0 linker stubs

.v4_bx          0x0000000008008cb8        0x0
 .v4_bx         0x0000000008008cb8        0x0 linker stubs

.iplt           0x0000000008008cb8        0x0
 .iplt          0x0000000008008cb8        0x0 /usr/lib/gcc/arm-none-eabi/7.1.0/thumb/v7e-m/fpv5-sp/hard/crtbegin.o

.rodata         0x0000000008008cb8      0x290
                0x0000000008008cb8                . = ALIGN (0x4)
 *(.rodata)
 *(.rodata*)
 .rodata.MX_USART3_UART_Init.str1.4
                0x0000000008008cb8        0xb build/main.o
 *fill*         0x0000000008008cc3        0x1 
 .rodata.list_files_from_dir.str1.4
                0x0000000008008cc4        0x7 build/main.o
 *fill*         0x0000000008008ccb        0x1 
 .rodata.main.str1.4
                0x0000000008008ccc      0x128 build/main.o
 .rodata.USBH_Driver
                0x0000000008008df4       0x14 build/usbh_diskio.o
                0x0000000008008df4                USBH_Driver
 .rodata.AHBPrescTable
                0x0000000008008e08       0x10 build/system_stm32f7xx.o
                0x0000000008008e08                AHBPrescTable
 .rodata.APBPrescTable
                0x0000000008008e18        0x8 build/system_stm32f7xx.o
                0x0000000008008e18                APBPrescTable
 .rodata.ExCvt  0x0000000008008e20       0x80 build/ff.o
 .rodata.create_name.str1.4
                0x0000000008008ea0       0x10 build/ff.o
                                          0xf (size before relaxing)
 .rodata._global_impure_ptr
                0x0000000008008eb0        0x4 /usr/lib/gcc/arm-none-eabi/7.1.0/../../../../arm-none-eabi/lib/thumb/v7e-m/fpv5-sp/hard/libc_nano.a(lib_a-impure.o)
                0x0000000008008eb0                _global_impure_ptr
 .rodata.__sf_fake_stderr
                0x0000000008008eb4       0x20 /usr/lib/gcc/arm-none-eabi/7.1.0/../../../../arm-none-eabi/lib/thumb/v7e-m/fpv5-sp/hard/libc_nano.a(lib_a-findfp.o)
                0x0000000008008eb4                __sf_fake_stderr
 .rodata.__sf_fake_stdin
                0x0000000008008ed4       0x20 /usr/lib/gcc/arm-none-eabi/7.1.0/../../../../arm-none-eabi/lib/thumb/v7e-m/fpv5-sp/hard/libc_nano.a(lib_a-findfp.o)
                0x0000000008008ed4                __sf_fake_stdin
 .rodata.__sf_fake_stdout
                0x0000000008008ef4       0x20 /usr/lib/gcc/arm-none-eabi/7.1.0/../../../../arm-none-eabi/lib/thumb/v7e-m/fpv5-sp/hard/libc_nano.a(lib_a-findfp.o)
                0x0000000008008ef4                __sf_fake_stdout
 .rodata._vfprintf_r.str1.1
                0x0000000008008f14       0x11 /usr/lib/gcc/arm-none-eabi/7.1.0/../../../../arm-none-eabi/lib/thumb/v7e-m/fpv5-sp/hard/libc_nano.a(lib_a-nano-vfprintf.o)
 .rodata._printf_i.str1.1
                0x0000000008008f25       0x22 /usr/lib/gcc/arm-none-eabi/7.1.0/../../../../arm-none-eabi/lib/thumb/v7e-m/fpv5-sp/hard/libc_nano.a(lib_a-nano-vfprintf_i.o)
                0x0000000008008f48                . = ALIGN (0x4)
 *fill*         0x0000000008008f47        0x1 

.ARM.extab
 *(.ARM.extab* .gnu.linkonce.armextab.*)

.ARM            0x0000000008008f48        0x8
                0x0000000008008f48                __exidx_start = .
 *(.ARM.exidx*)
 .ARM.exidx     0x0000000008008f48        0x8 /usr/lib/gcc/arm-none-eabi/7.1.0/thumb/v7e-m/fpv5-sp/hard/libgcc.a(_udivmoddi4.o)
                0x0000000008008f50                __exidx_end = .

.rel.dyn        0x0000000008008f50        0x0
 .rel.iplt      0x0000000008008f50        0x0 /usr/lib/gcc/arm-none-eabi/7.1.0/thumb/v7e-m/fpv5-sp/hard/crtbegin.o

.preinit_array  0x0000000008008f50        0x0
                0x0000000008008f50                PROVIDE (__preinit_array_start = .)
 *(.preinit_array*)
                0x0000000008008f50                PROVIDE (__preinit_array_end = .)

.init_array     0x0000000008008f50        0x4
                0x0000000008008f50                PROVIDE (__init_array_start = .)
 *(SORT_BY_NAME(.init_array.*))
 *(.init_array*)
 .init_array    0x0000000008008f50        0x4 /usr/lib/gcc/arm-none-eabi/7.1.0/thumb/v7e-m/fpv5-sp/hard/crtbegin.o
                0x0000000008008f54                PROVIDE (__init_array_end = .)

.fini_array     0x0000000008008f54        0x4
                0x0000000008008f54                PROVIDE (__fini_array_start = .)
 *(SORT_BY_NAME(.fini_array.*))
 *(.fini_array*)
 .fini_array    0x0000000008008f54        0x4 /usr/lib/gcc/arm-none-eabi/7.1.0/thumb/v7e-m/fpv5-sp/hard/crtbegin.o
                0x0000000008008f58                PROVIDE (__fini_array_end = .)
                0x0000000008008f58                _sidata = LOADADDR (.data)

.data           0x0000000020000000       0x70 load address 0x0000000008008f58
                0x0000000020000000                . = ALIGN (0x4)
                0x0000000020000000                _sdata = .
 *(.data)
 *(.data*)
 .data.uwTickFreq
                0x0000000020000000        0x1 build/stm32f7xx_hal.o
                0x0000000020000000                uwTickFreq
 *fill*         0x0000000020000001        0x3 
 .data.SystemCoreClock
                0x0000000020000004        0x4 build/system_stm32f7xx.o
                0x0000000020000004                SystemCoreClock
 .data.uxCriticalNesting
                0x0000000020000008        0x4 build/port.o
 .data._impure_ptr
                0x000000002000000c        0x4 /usr/lib/gcc/arm-none-eabi/7.1.0/../../../../arm-none-eabi/lib/thumb/v7e-m/fpv5-sp/hard/libc_nano.a(lib_a-impure.o)
                0x000000002000000c                _impure_ptr
 .data.impure_data
                0x0000000020000010       0x60 /usr/lib/gcc/arm-none-eabi/7.1.0/../../../../arm-none-eabi/lib/thumb/v7e-m/fpv5-sp/hard/libc_nano.a(lib_a-impure.o)
                0x0000000020000070                . = ALIGN (0x4)
                0x0000000020000070                _edata = .

.tm_clone_table
                0x0000000020000070        0x0 load address 0x0000000008008fc8
 .tm_clone_table
                0x0000000020000070        0x0 /usr/lib/gcc/arm-none-eabi/7.1.0/thumb/v7e-m/fpv5-sp/hard/crtbegin.o
 .tm_clone_table
                0x0000000020000070        0x0 /usr/lib/gcc/arm-none-eabi/7.1.0/thumb/v7e-m/fpv5-sp/hard/crtend.o

.igot.plt       0x0000000020000070        0x0 load address 0x0000000008008fc8
 .igot.plt      0x0000000020000070        0x0 /usr/lib/gcc/arm-none-eabi/7.1.0/thumb/v7e-m/fpv5-sp/hard/crtbegin.o
                0x0000000020000070                . = ALIGN (0x4)

.bss            0x0000000020000070     0x7870 load address 0x0000000008008fc8
                0x0000000020000070                _sbss = .
                0x0000000020000070                __bss_start__ = _sbss
 *(.bss)
 .bss           0x0000000020000070       0x1c /usr/lib/gcc/arm-none-eabi/7.1.0/thumb/v7e-m/fpv5-sp/hard/crtbegin.o
 *(.bss*)
 .bss.pUart     0x000000002000008c        0x4 build/dbgu.o
                0x000000002000008c                pUart
 .bss.s_xSemaphore
                0x0000000020000090        0x4 build/ethernetif.o
                0x0000000020000090                s_xSemaphore
 .bss.heap_end.11211
                0x0000000020000094        0x4 build/syscalls.o
 .bss.tmpreg.10173
                0x0000000020000098        0x4 build/stm32f7xx_ll_usb.o
 .bss.FatFs     0x000000002000009c        0x4 build/ff.o
 .bss.Files     0x00000000200000a0       0x20 build/ff.o
 .bss.Fsid      0x00000000200000c0        0x2 build/ff.o
 *fill*         0x00000000200000c2        0x2 
 .bss.disk      0x00000000200000c4        0xc build/ff_gen_drv.o
                0x00000000200000c4                disk
 .bss.pxEnd     0x00000000200000d0        0x4 build/heap_4.o
 .bss.ucHeap    0x00000000200000d4     0x3c00 build/heap_4.o
 .bss.xBlockAllocatedBit
                0x0000000020003cd4        0x4 build/heap_4.o
 .bss.xFreeBytesRemaining
                0x0000000020003cd8        0x4 build/heap_4.o
 .bss.xMinimumEverFreeBytesRemaining
                0x0000000020003cdc        0x4 build/heap_4.o
 .bss.xStart    0x0000000020003ce0        0x8 build/heap_4.o
 .bss.ucMaxSysCallPriority
                0x0000000020003ce8        0x1 build/port.o
 *fill*         0x0000000020003ce9        0x3 
 .bss.ulMaxPRIGROUPValue
                0x0000000020003cec        0x4 build/port.o
 .bss.pxCurrentTCB
                0x0000000020003cf0        0x4 build/tasks.o
                0x0000000020003cf0                pxCurrentTCB
 .bss.pxDelayedTaskList
                0x0000000020003cf4        0x4 build/tasks.o
 .bss.pxOverflowDelayedTaskList
                0x0000000020003cf8        0x4 build/tasks.o
 .bss.pxReadyTasksLists
                0x0000000020003cfc       0x8c build/tasks.o
 .bss.uxCurrentNumberOfTasks
                0x0000000020003d88        0x4 build/tasks.o
 .bss.uxPendedTicks
                0x0000000020003d8c        0x4 build/tasks.o
 .bss.uxSchedulerSuspended
                0x0000000020003d90        0x4 build/tasks.o
 .bss.uxTopReadyPriority
                0x0000000020003d94        0x4 build/tasks.o
 .bss.xNextTaskUnblockTime
                0x0000000020003d98        0x4 build/tasks.o
 .bss.xNumOfOverflows
                0x0000000020003d9c        0x4 build/tasks.o
 .bss.xPendingReadyList
                0x0000000020003da0       0x14 build/tasks.o
 .bss.xSchedulerRunning
                0x0000000020003db4        0x4 build/tasks.o
 .bss.xSuspendedTaskList
                0x0000000020003db8       0x14 build/tasks.o
 .bss.xTickCount
                0x0000000020003dcc        0x4 build/tasks.o
 .bss.xYieldPending
                0x0000000020003dd0        0x4 build/tasks.o
 .bss.__malloc_free_list
                0x0000000020003dd4        0x4 /usr/lib/gcc/arm-none-eabi/7.1.0/../../../../arm-none-eabi/lib/thumb/v7e-m/fpv5-sp/hard/libc_nano.a(lib_a-nano-mallocr.o)
                0x0000000020003dd4                __malloc_free_list
 .bss.__malloc_sbrk_start
                0x0000000020003dd8        0x4 /usr/lib/gcc/arm-none-eabi/7.1.0/../../../../arm-none-eabi/lib/thumb/v7e-m/fpv5-sp/hard/libc_nano.a(lib_a-nano-mallocr.o)
                0x0000000020003dd8                __malloc_sbrk_start
 *(COMMON)
 COMMON         0x0000000020003ddc      0x2f9 build/main.o
                0x0000000020003ddc                defaultTaskHandle
                0x0000000020003de0                huart3
                0x0000000020003e50                USBHPath
                0x0000000020003e54                hi2c2
                0x0000000020003ea0                USBHFatFS
                0x00000000200040d4                usbh_stat
 *fill*         0x00000000200040d5        0x3 
 COMMON         0x00000000200040d8     0x30e8 build/ethernetif.o
                0x00000000200040d8                DMATxDscrTab
                0x0000000020004158                Rx_Buff
                0x0000000020005928                DMARxDscrTab
                0x00000000200059a8                heth
                0x00000000200059f0                Tx_Buff
 COMMON         0x00000000200071c0      0x3d4 build/usb_host.o
                0x00000000200071c0                hUsbHostFS
 COMMON         0x0000000020007594      0x2c0 build/usbh_conf.o
                0x0000000020007594                hhcd_USB_OTG_FS
 COMMON         0x0000000020007854       0x40 build/stm32f7xx_hal_timebase_TIM.o
                0x0000000020007854                htim13
 COMMON         0x0000000020007894        0x4 build/stm32f7xx_hal.o
                0x0000000020007894                uwTick
 COMMON         0x0000000020007898       0x40 build/queue.o
                0x0000000020007898                xQueueRegistry
 COMMON         0x00000000200078d8        0x8 build/sys_arch.o
                0x00000000200078d8                errno
                0x00000000200078dc                lwip_sys_mutex
                0x00000000200078e0                . = ALIGN (0x4)
                0x00000000200078e0                _ebss = .
                0x00000000200078e0                __bss_end__ = _ebss

._user_heap_stack
                0x00000000200078e0      0x600 load address 0x0000000008008fc8
                0x00000000200078e0                . = ALIGN (0x8)
                0x00000000200078e0                PROVIDE (end = .)
                [!provide]                        PROVIDE (_end = .)
                0x0000000020007ae0                . = (. + _Min_Heap_Size)
 *fill*         0x00000000200078e0      0x200 
                0x0000000020007ee0                . = (. + _Min_Stack_Size)
 *fill*         0x0000000020007ae0      0x400 
                0x0000000020007ee0                . = ALIGN (0x8)

/DISCARD/
 libc.a(*)
 libm.a(*)
 libgcc.a(*)

.ARM.attributes
                0x0000000000000000       0x30
 *(.ARM.attributes)
 .ARM.attributes
                0x0000000000000000       0x22 /usr/lib/gcc/arm-none-eabi/7.1.0/thumb/v7e-m/fpv5-sp/hard/crti.o
 .ARM.attributes
                0x0000000000000022       0x34 /usr/lib/gcc/arm-none-eabi/7.1.0/thumb/v7e-m/fpv5-sp/hard/crtbegin.o
 .ARM.attributes
                0x0000000000000056       0x39 build/main.o
 .ARM.attributes
                0x000000000000008f       0x39 build/term_io.o
 .ARM.attributes
                0x00000000000000c8       0x39 build/dbgu.o
 .ARM.attributes
                0x0000000000000101       0x39 build/usbh_diskio.o
 .ARM.attributes
                0x000000000000013a       0x39 build/fatfs.o
 .ARM.attributes
                0x0000000000000173       0x39 build/ethernetif.o
 .ARM.attributes
                0x00000000000001ac       0x39 build/syscalls.o
 .ARM.attributes
                0x00000000000001e5       0x39 build/usb_host.o
 .ARM.attributes
                0x000000000000021e       0x39 build/usbh_conf.o
 .ARM.attributes
                0x0000000000000257       0x39 build/stm32f7xx_it.o
 .ARM.attributes
                0x0000000000000290       0x39 build/stm32f7xx_hal_msp.o
 .ARM.attributes
                0x00000000000002c9       0x39 build/stm32f7xx_hal_timebase_TIM.o
 .ARM.attributes
                0x0000000000000302       0x39 build/stm32f7xx_hal_eth.o
 .ARM.attributes
                0x000000000000033b       0x39 build/stm32f7xx_hal_hcd.o
 .ARM.attributes
                0x0000000000000374       0x39 build/stm32f7xx_ll_usb.o
 .ARM.attributes
                0x00000000000003ad       0x39 build/stm32f7xx_hal_cortex.o
 .ARM.attributes
                0x00000000000003e6       0x39 build/stm32f7xx_hal_i2c.o
 .ARM.attributes
                0x000000000000041f       0x39 build/stm32f7xx_hal_i2c_ex.o
 .ARM.attributes
                0x0000000000000458       0x39 build/stm32f7xx_hal_tim.o
 .ARM.attributes
                0x0000000000000491       0x39 build/stm32f7xx_hal_tim_ex.o
 .ARM.attributes
                0x00000000000004ca       0x39 build/stm32f7xx_hal_uart.o
 .ARM.attributes
                0x0000000000000503       0x39 build/stm32f7xx_hal_rcc.o
 .ARM.attributes
                0x000000000000053c       0x39 build/stm32f7xx_hal_rcc_ex.o
 .ARM.attributes
                0x0000000000000575       0x39 build/stm32f7xx_hal_gpio.o
 .ARM.attributes
                0x00000000000005ae       0x39 build/stm32f7xx_hal.o
 .ARM.attributes
                0x00000000000005e7       0x39 build/system_stm32f7xx.o
 .ARM.attributes
                0x0000000000000620       0x39 build/syscall.o
 .ARM.attributes
                0x0000000000000659       0x39 build/diskio.o
 .ARM.attributes
                0x0000000000000692       0x39 build/ff.o
 .ARM.attributes
                0x00000000000006cb       0x39 build/ff_gen_drv.o
 .ARM.attributes
                0x0000000000000704       0x39 build/heap_4.o
 .ARM.attributes
                0x000000000000073d       0x39 build/port.o
 .ARM.attributes
                0x0000000000000776       0x39 build/list.o
 .ARM.attributes
                0x00000000000007af       0x39 build/queue.o
 .ARM.attributes
                0x00000000000007e8       0x39 build/tasks.o
 .ARM.attributes
                0x0000000000000821       0x39 build/cmsis_os.o
 .ARM.attributes
                0x000000000000085a       0x39 build/sys_arch.o
 .ARM.attributes
                0x0000000000000893       0x39 build/usbh_core.o
 .ARM.attributes
                0x00000000000008cc       0x39 build/usbh_ctlreq.o
 .ARM.attributes
                0x0000000000000905       0x39 build/usbh_ioreq.o
 .ARM.attributes
                0x000000000000093e       0x39 build/usbh_pipes.o
 .ARM.attributes
                0x0000000000000977       0x39 build/usbh_msc.o
 .ARM.attributes
                0x00000000000009b0       0x39 build/usbh_msc_bot.o
 .ARM.attributes
                0x00000000000009e9       0x39 build/usbh_msc_scsi.o
 .ARM.attributes
                0x0000000000000a22       0x21 build/startup_stm32f746xx.o
 .ARM.attributes
                0x0000000000000a43       0x34 /usr/lib/gcc/arm-none-eabi/7.1.0/../../../../arm-none-eabi/lib/thumb/v7e-m/fpv5-sp/hard/libc_nano.a(lib_a-impure.o)
 .ARM.attributes
                0x0000000000000a77       0x34 /usr/lib/gcc/arm-none-eabi/7.1.0/../../../../arm-none-eabi/lib/thumb/v7e-m/fpv5-sp/hard/libc_nano.a(lib_a-init.o)
 .ARM.attributes
                0x0000000000000aab       0x34 /usr/lib/gcc/arm-none-eabi/7.1.0/../../../../arm-none-eabi/lib/thumb/v7e-m/fpv5-sp/hard/libc_nano.a(lib_a-malloc.o)
 .ARM.attributes
                0x0000000000000adf       0x34 /usr/lib/gcc/arm-none-eabi/7.1.0/../../../../arm-none-eabi/lib/thumb/v7e-m/fpv5-sp/hard/libc_nano.a(lib_a-memcpy-stub.o)
 .ARM.attributes
                0x0000000000000b13       0x34 /usr/lib/gcc/arm-none-eabi/7.1.0/../../../../arm-none-eabi/lib/thumb/v7e-m/fpv5-sp/hard/libc_nano.a(lib_a-memset.o)
 .ARM.attributes
                0x0000000000000b47       0x34 /usr/lib/gcc/arm-none-eabi/7.1.0/../../../../arm-none-eabi/lib/thumb/v7e-m/fpv5-sp/hard/libc_nano.a(lib_a-nano-freer.o)
 .ARM.attributes
                0x0000000000000b7b       0x34 /usr/lib/gcc/arm-none-eabi/7.1.0/../../../../arm-none-eabi/lib/thumb/v7e-m/fpv5-sp/hard/libc_nano.a(lib_a-nano-mallocr.o)
 .ARM.attributes
                0x0000000000000baf       0x34 /usr/lib/gcc/arm-none-eabi/7.1.0/../../../../arm-none-eabi/lib/thumb/v7e-m/fpv5-sp/hard/libc_nano.a(lib_a-printf.o)
 .ARM.attributes
                0x0000000000000be3       0x34 /usr/lib/gcc/arm-none-eabi/7.1.0/../../../../arm-none-eabi/lib/thumb/v7e-m/fpv5-sp/hard/libc_nano.a(lib_a-sbrkr.o)
 .ARM.attributes
                0x0000000000000c17       0x34 /usr/lib/gcc/arm-none-eabi/7.1.0/../../../../arm-none-eabi/lib/thumb/v7e-m/fpv5-sp/hard/libc_nano.a(lib_a-wbuf.o)
 .ARM.attributes
                0x0000000000000c4b       0x34 /usr/lib/gcc/arm-none-eabi/7.1.0/../../../../arm-none-eabi/lib/thumb/v7e-m/fpv5-sp/hard/libc_nano.a(lib_a-wsetup.o)
 .ARM.attributes
                0x0000000000000c7f       0x34 /usr/lib/gcc/arm-none-eabi/7.1.0/../../../../arm-none-eabi/lib/thumb/v7e-m/fpv5-sp/hard/libc_nano.a(lib_a-fflush.o)
 .ARM.attributes
                0x0000000000000cb3       0x34 /usr/lib/gcc/arm-none-eabi/7.1.0/../../../../arm-none-eabi/lib/thumb/v7e-m/fpv5-sp/hard/libc_nano.a(lib_a-findfp.o)
 .ARM.attributes
                0x0000000000000ce7       0x34 /usr/lib/gcc/arm-none-eabi/7.1.0/../../../../arm-none-eabi/lib/thumb/v7e-m/fpv5-sp/hard/libc_nano.a(lib_a-fwalk.o)
 .ARM.attributes
                0x0000000000000d1b       0x34 /usr/lib/gcc/arm-none-eabi/7.1.0/../../../../arm-none-eabi/lib/thumb/v7e-m/fpv5-sp/hard/libc_nano.a(lib_a-makebuf.o)
 .ARM.attributes
                0x0000000000000d4f       0x34 /usr/lib/gcc/arm-none-eabi/7.1.0/../../../../arm-none-eabi/lib/thumb/v7e-m/fpv5-sp/hard/libc_nano.a(lib_a-mlock.o)
 .ARM.attributes
                0x0000000000000d83       0x34 /usr/lib/gcc/arm-none-eabi/7.1.0/../../../../arm-none-eabi/lib/thumb/v7e-m/fpv5-sp/hard/libc_nano.a(lib_a-nano-vfprintf.o)
 .ARM.attributes
                0x0000000000000db7       0x34 /usr/lib/gcc/arm-none-eabi/7.1.0/../../../../arm-none-eabi/lib/thumb/v7e-m/fpv5-sp/hard/libc_nano.a(lib_a-nano-vfprintf_i.o)
 .ARM.attributes
                0x0000000000000deb       0x34 /usr/lib/gcc/arm-none-eabi/7.1.0/../../../../arm-none-eabi/lib/thumb/v7e-m/fpv5-sp/hard/libc_nano.a(lib_a-stdio.o)
 .ARM.attributes
                0x0000000000000e1f       0x34 /usr/lib/gcc/arm-none-eabi/7.1.0/../../../../arm-none-eabi/lib/thumb/v7e-m/fpv5-sp/hard/libc_nano.a(lib_a-writer.o)
 .ARM.attributes
                0x0000000000000e53       0x34 /usr/lib/gcc/arm-none-eabi/7.1.0/../../../../arm-none-eabi/lib/thumb/v7e-m/fpv5-sp/hard/libc_nano.a(lib_a-closer.o)
 .ARM.attributes
                0x0000000000000e87       0x34 /usr/lib/gcc/arm-none-eabi/7.1.0/../../../../arm-none-eabi/lib/thumb/v7e-m/fpv5-sp/hard/libc_nano.a(lib_a-fstatr.o)
 .ARM.attributes
                0x0000000000000ebb       0x34 /usr/lib/gcc/arm-none-eabi/7.1.0/../../../../arm-none-eabi/lib/thumb/v7e-m/fpv5-sp/hard/libc_nano.a(lib_a-isattyr.o)
 .ARM.attributes
                0x0000000000000eef       0x34 /usr/lib/gcc/arm-none-eabi/7.1.0/../../../../arm-none-eabi/lib/thumb/v7e-m/fpv5-sp/hard/libc_nano.a(lib_a-lseekr.o)
 .ARM.attributes
                0x0000000000000f23       0x20 /usr/lib/gcc/arm-none-eabi/7.1.0/../../../../arm-none-eabi/lib/thumb/v7e-m/fpv5-sp/hard/libc_nano.a(lib_a-memchr.o)
 .ARM.attributes
                0x0000000000000f43       0x34 /usr/lib/gcc/arm-none-eabi/7.1.0/../../../../arm-none-eabi/lib/thumb/v7e-m/fpv5-sp/hard/libc_nano.a(lib_a-readr.o)
 .ARM.attributes
                0x0000000000000f77       0x22 /usr/lib/gcc/arm-none-eabi/7.1.0/thumb/v7e-m/fpv5-sp/hard/libgcc.a(_aeabi_uldivmod.o)
 .ARM.attributes
                0x0000000000000f99       0x34 /usr/lib/gcc/arm-none-eabi/7.1.0/thumb/v7e-m/fpv5-sp/hard/libgcc.a(_udivmoddi4.o)
 .ARM.attributes
                0x0000000000000fcd       0x22 /usr/lib/gcc/arm-none-eabi/7.1.0/thumb/v7e-m/fpv5-sp/hard/libgcc.a(_dvmd_tls.o)
 .ARM.attributes
                0x0000000000000fef       0x34 /usr/lib/gcc/arm-none-eabi/7.1.0/thumb/v7e-m/fpv5-sp/hard/crtend.o
 .ARM.attributes
                0x0000000000001023       0x22 /usr/lib/gcc/arm-none-eabi/7.1.0/thumb/v7e-m/fpv5-sp/hard/crtn.o
OUTPUT(build/ServerFTP.elf elf32-littlearm)

.comment        0x0000000000000000       0x42
 .comment       0x0000000000000000       0x21 /usr/lib/gcc/arm-none-eabi/7.1.0/thumb/v7e-m/fpv5-sp/hard/crtbegin.o
                                         0x22 (size before relaxing)
 .comment       0x0000000000000021       0x22 build/main.o
 .comment       0x0000000000000021       0x22 build/term_io.o
 .comment       0x0000000000000021       0x22 build/dbgu.o
 .comment       0x0000000000000021       0x22 build/usbh_diskio.o
 .comment       0x0000000000000021       0x22 build/fatfs.o
 .comment       0x0000000000000021       0x22 build/ethernetif.o
 .comment       0x0000000000000021       0x22 build/syscalls.o
 .comment       0x0000000000000021       0x22 build/usb_host.o
 .comment       0x0000000000000021       0x22 build/usbh_conf.o
 .comment       0x0000000000000021       0x22 build/stm32f7xx_it.o
 .comment       0x0000000000000021       0x22 build/stm32f7xx_hal_msp.o
 .comment       0x0000000000000021       0x22 build/stm32f7xx_hal_timebase_TIM.o
 .comment       0x0000000000000021       0x22 build/stm32f7xx_hal_eth.o
 .comment       0x0000000000000021       0x22 build/stm32f7xx_hal_hcd.o
 .comment       0x0000000000000021       0x22 build/stm32f7xx_ll_usb.o
 .comment       0x0000000000000021       0x22 build/stm32f7xx_hal_cortex.o
 .comment       0x0000000000000021       0x22 build/stm32f7xx_hal_i2c.o
 .comment       0x0000000000000021       0x22 build/stm32f7xx_hal_i2c_ex.o
 .comment       0x0000000000000021       0x22 build/stm32f7xx_hal_tim.o
 .comment       0x0000000000000021       0x22 build/stm32f7xx_hal_tim_ex.o
 .comment       0x0000000000000021       0x22 build/stm32f7xx_hal_uart.o
 .comment       0x0000000000000021       0x22 build/stm32f7xx_hal_rcc.o
 .comment       0x0000000000000021       0x22 build/stm32f7xx_hal_rcc_ex.o
 .comment       0x0000000000000021       0x22 build/stm32f7xx_hal_gpio.o
 .comment       0x0000000000000021       0x22 build/stm32f7xx_hal.o
 .comment       0x0000000000000021       0x22 build/system_stm32f7xx.o
 .comment       0x0000000000000021       0x22 build/syscall.o
 .comment       0x0000000000000021       0x22 build/diskio.o
 .comment       0x0000000000000021       0x22 build/ff.o
 .comment       0x0000000000000021       0x22 build/ff_gen_drv.o
 .comment       0x0000000000000021       0x22 build/heap_4.o
 .comment       0x0000000000000021       0x22 build/port.o
 .comment       0x0000000000000021       0x22 build/list.o
 .comment       0x0000000000000021       0x22 build/queue.o
 .comment       0x0000000000000021       0x22 build/tasks.o
 .comment       0x0000000000000021       0x22 build/cmsis_os.o
 .comment       0x0000000000000021       0x22 build/sys_arch.o
 .comment       0x0000000000000021       0x22 build/usbh_core.o
 .comment       0x0000000000000021       0x22 build/usbh_ctlreq.o
 .comment       0x0000000000000021       0x22 build/usbh_ioreq.o
 .comment       0x0000000000000021       0x22 build/usbh_pipes.o
 .comment       0x0000000000000021       0x22 build/usbh_msc.o
 .comment       0x0000000000000021       0x22 build/usbh_msc_bot.o
 .comment       0x0000000000000021       0x22 build/usbh_msc_scsi.o
 .comment       0x0000000000000021       0x21 /usr/lib/gcc/arm-none-eabi/7.1.0/../../../../arm-none-eabi/lib/thumb/v7e-m/fpv5-sp/hard/libc_nano.a(lib_a-impure.o)
                                         0x22 (size before relaxing)
 .comment       0x0000000000000042       0x22 /usr/lib/gcc/arm-none-eabi/7.1.0/../../../../arm-none-eabi/lib/thumb/v7e-m/fpv5-sp/hard/libc_nano.a(lib_a-init.o)
 .comment       0x0000000000000042       0x22 /usr/lib/gcc/arm-none-eabi/7.1.0/../../../../arm-none-eabi/lib/thumb/v7e-m/fpv5-sp/hard/libc_nano.a(lib_a-malloc.o)
 .comment       0x0000000000000042       0x22 /usr/lib/gcc/arm-none-eabi/7.1.0/../../../../arm-none-eabi/lib/thumb/v7e-m/fpv5-sp/hard/libc_nano.a(lib_a-memcpy-stub.o)
 .comment       0x0000000000000042       0x22 /usr/lib/gcc/arm-none-eabi/7.1.0/../../../../arm-none-eabi/lib/thumb/v7e-m/fpv5-sp/hard/libc_nano.a(lib_a-memset.o)
 .comment       0x0000000000000042       0x22 /usr/lib/gcc/arm-none-eabi/7.1.0/../../../../arm-none-eabi/lib/thumb/v7e-m/fpv5-sp/hard/libc_nano.a(lib_a-nano-freer.o)
 .comment       0x0000000000000042       0x22 /usr/lib/gcc/arm-none-eabi/7.1.0/../../../../arm-none-eabi/lib/thumb/v7e-m/fpv5-sp/hard/libc_nano.a(lib_a-nano-mallocr.o)
 .comment       0x0000000000000042       0x22 /usr/lib/gcc/arm-none-eabi/7.1.0/../../../../arm-none-eabi/lib/thumb/v7e-m/fpv5-sp/hard/libc_nano.a(lib_a-printf.o)
 .comment       0x0000000000000042       0x22 /usr/lib/gcc/arm-none-eabi/7.1.0/../../../../arm-none-eabi/lib/thumb/v7e-m/fpv5-sp/hard/libc_nano.a(lib_a-sbrkr.o)
 .comment       0x0000000000000042       0x22 /usr/lib/gcc/arm-none-eabi/7.1.0/../../../../arm-none-eabi/lib/thumb/v7e-m/fpv5-sp/hard/libc_nano.a(lib_a-wbuf.o)
 .comment       0x0000000000000042       0x22 /usr/lib/gcc/arm-none-eabi/7.1.0/../../../../arm-none-eabi/lib/thumb/v7e-m/fpv5-sp/hard/libc_nano.a(lib_a-wsetup.o)
 .comment       0x0000000000000042       0x22 /usr/lib/gcc/arm-none-eabi/7.1.0/../../../../arm-none-eabi/lib/thumb/v7e-m/fpv5-sp/hard/libc_nano.a(lib_a-fflush.o)
 .comment       0x0000000000000042       0x22 /usr/lib/gcc/arm-none-eabi/7.1.0/../../../../arm-none-eabi/lib/thumb/v7e-m/fpv5-sp/hard/libc_nano.a(lib_a-findfp.o)
 .comment       0x0000000000000042       0x22 /usr/lib/gcc/arm-none-eabi/7.1.0/../../../../arm-none-eabi/lib/thumb/v7e-m/fpv5-sp/hard/libc_nano.a(lib_a-fwalk.o)
 .comment       0x0000000000000042       0x22 /usr/lib/gcc/arm-none-eabi/7.1.0/../../../../arm-none-eabi/lib/thumb/v7e-m/fpv5-sp/hard/libc_nano.a(lib_a-makebuf.o)
 .comment       0x0000000000000042       0x22 /usr/lib/gcc/arm-none-eabi/7.1.0/../../../../arm-none-eabi/lib/thumb/v7e-m/fpv5-sp/hard/libc_nano.a(lib_a-mlock.o)
 .comment       0x0000000000000042       0x22 /usr/lib/gcc/arm-none-eabi/7.1.0/../../../../arm-none-eabi/lib/thumb/v7e-m/fpv5-sp/hard/libc_nano.a(lib_a-nano-vfprintf.o)
 .comment       0x0000000000000042       0x22 /usr/lib/gcc/arm-none-eabi/7.1.0/../../../../arm-none-eabi/lib/thumb/v7e-m/fpv5-sp/hard/libc_nano.a(lib_a-nano-vfprintf_i.o)
 .comment       0x0000000000000042       0x22 /usr/lib/gcc/arm-none-eabi/7.1.0/../../../../arm-none-eabi/lib/thumb/v7e-m/fpv5-sp/hard/libc_nano.a(lib_a-stdio.o)
 .comment       0x0000000000000042       0x22 /usr/lib/gcc/arm-none-eabi/7.1.0/../../../../arm-none-eabi/lib/thumb/v7e-m/fpv5-sp/hard/libc_nano.a(lib_a-writer.o)
 .comment       0x0000000000000042       0x22 /usr/lib/gcc/arm-none-eabi/7.1.0/../../../../arm-none-eabi/lib/thumb/v7e-m/fpv5-sp/hard/libc_nano.a(lib_a-closer.o)
 .comment       0x0000000000000042       0x22 /usr/lib/gcc/arm-none-eabi/7.1.0/../../../../arm-none-eabi/lib/thumb/v7e-m/fpv5-sp/hard/libc_nano.a(lib_a-fstatr.o)
 .comment       0x0000000000000042       0x22 /usr/lib/gcc/arm-none-eabi/7.1.0/../../../../arm-none-eabi/lib/thumb/v7e-m/fpv5-sp/hard/libc_nano.a(lib_a-isattyr.o)
 .comment       0x0000000000000042       0x22 /usr/lib/gcc/arm-none-eabi/7.1.0/../../../../arm-none-eabi/lib/thumb/v7e-m/fpv5-sp/hard/libc_nano.a(lib_a-lseekr.o)
 .comment       0x0000000000000042       0x22 /usr/lib/gcc/arm-none-eabi/7.1.0/../../../../arm-none-eabi/lib/thumb/v7e-m/fpv5-sp/hard/libc_nano.a(lib_a-readr.o)
 .comment       0x0000000000000042       0x22 /usr/lib/gcc/arm-none-eabi/7.1.0/thumb/v7e-m/fpv5-sp/hard/libgcc.a(_udivmoddi4.o)
 .comment       0x0000000000000042       0x22 /usr/lib/gcc/arm-none-eabi/7.1.0/thumb/v7e-m/fpv5-sp/hard/crtend.o

.debug_info     0x0000000000000000    0x6477d
 .debug_info    0x0000000000000000     0x4967 build/main.o
 .debug_info    0x0000000000004967      0xf35 build/term_io.o
 .debug_info    0x000000000000589c     0x1482 build/dbgu.o
 .debug_info    0x0000000000006d1e     0x1958 build/usbh_diskio.o
 .debug_info    0x0000000000008676     0x17c7 build/fatfs.o
 .debug_info    0x0000000000009e3d     0x27a5 build/ethernetif.o
 .debug_info    0x000000000000c5e2     0x121e build/syscalls.o
 .debug_info    0x000000000000d800     0x143f build/usb_host.o
 .debug_info    0x000000000000ec3f     0x28d7 build/usbh_conf.o
 .debug_info    0x0000000000011516     0x1d57 build/stm32f7xx_it.o
 .debug_info    0x000000000001326d     0x1b93 build/stm32f7xx_hal_msp.o
 .debug_info    0x0000000000014e00     0x1663 build/stm32f7xx_hal_timebase_TIM.o
 .debug_info    0x0000000000016463     0x23d0 build/stm32f7xx_hal_eth.o
 .debug_info    0x0000000000018833     0x1cf4 build/stm32f7xx_hal_hcd.o
 .debug_info    0x000000000001a527     0x25b5 build/stm32f7xx_ll_usb.o
 .debug_info    0x000000000001cadc     0x1b68 build/stm32f7xx_hal_cortex.o
 .debug_info    0x000000000001e644     0x3cbd build/stm32f7xx_hal_i2c.o
 .debug_info    0x0000000000022301     0x1075 build/stm32f7xx_hal_i2c_ex.o
 .debug_info    0x0000000000023376     0x3abf build/stm32f7xx_hal_tim.o